Component: Arm Compiler for Embedded 6.24 Tool: armlink [5f371500]

==============================================================================

Section Cross References

    main.o(.text.main) refers to system_stm32f10x.o(.text.SystemInit) for SystemInit
    main.o(.text.main) refers to main.o(.text.UART1_Config) for UART1_Config
    main.o(.text.main) refers to main.o(.rodata.str1.1) for .L.str
    main.o(.text.main) refers to main.o(.text.UART1_SendString) for UART1_SendString
    main.o(.text.main) refers to stm32f10x_pwr.o(.text.PWR_GetFlagStatus) for PWR_GetFlagStatus
    main.o(.text.main) refers to stm32f10x_pwr.o(.text.PWR_ClearFlag) for PWR_ClearFlag
    main.o(.text.main) refers to main.o(.text.DelayMs) for DelayMs
    main.o(.text.main) refers to main.o(.text.RTC_Config) for RTC_Config
    main.o(.text.main) refers to stm32f10x_rtc.o(.text.RTC_GetCounter) for RTC_GetCounter
    main.o(.text.main) refers to main.o(.text.RTC_AlarmConfig) for RTC_AlarmConfig
    main.o(.text.main) refers to main.o(.text.Enter_Standby_Mode) for Enter_Standby_Mode
    main.o(.ARM.exidx.text.main) refers to main.o(.text.main) for [Anonymous Symbol]
    main.o(.text.UART1_Config) refers to stm32f10x_rcc.o(.text.RCC_APB2PeriphClockCmd) for RCC_APB2PeriphClockCmd
    main.o(.text.UART1_Config) refers to stm32f10x_gpio.o(.text.GPIO_Init) for GPIO_Init
    main.o(.text.UART1_Config) refers to stm32f10x_usart.o(.text.USART_Init) for USART_Init
    main.o(.text.UART1_Config) refers to stm32f10x_usart.o(.text.USART_Cmd) for USART_Cmd
    main.o(.ARM.exidx.text.UART1_Config) refers to main.o(.text.UART1_Config) for [Anonymous Symbol]
    main.o(.text.UART1_SendString) refers to stm32f10x_usart.o(.text.USART_SendData) for USART_SendData
    main.o(.text.UART1_SendString) refers to stm32f10x_usart.o(.text.USART_GetFlagStatus) for USART_GetFlagStatus
    main.o(.ARM.exidx.text.UART1_SendString) refers to main.o(.text.UART1_SendString) for [Anonymous Symbol]
    main.o(.ARM.exidx.text.DelayMs) refers to main.o(.text.DelayMs) for [Anonymous Symbol]
    main.o(.text.RTC_Config) refers to main.o(.rodata.str1.1) for .L.str.3
    main.o(.text.RTC_Config) refers to main.o(.text.UART1_SendString) for UART1_SendString
    main.o(.text.RTC_Config) refers to stm32f10x_rcc.o(.text.RCC_APB1PeriphClockCmd) for RCC_APB1PeriphClockCmd
    main.o(.text.RTC_Config) refers to stm32f10x_pwr.o(.text.PWR_BackupAccessCmd) for PWR_BackupAccessCmd
    main.o(.text.RTC_Config) refers to stm32f10x_bkp.o(.text.BKP_DeInit) for BKP_DeInit
    main.o(.text.RTC_Config) refers to stm32f10x_rcc.o(.text.RCC_LSEConfig) for RCC_LSEConfig
    main.o(.text.RTC_Config) refers to stm32f10x_rcc.o(.text.RCC_GetFlagStatus) for RCC_GetFlagStatus
    main.o(.text.RTC_Config) refers to stm32f10x_rcc.o(.text.RCC_RTCCLKConfig) for RCC_RTCCLKConfig
    main.o(.text.RTC_Config) refers to stm32f10x_rcc.o(.text.RCC_RTCCLKCmd) for RCC_RTCCLKCmd
    main.o(.text.RTC_Config) refers to stm32f10x_rtc.o(.text.RTC_WaitForSynchro) for RTC_WaitForSynchro
    main.o(.text.RTC_Config) refers to stm32f10x_rtc.o(.text.RTC_WaitForLastTask) for RTC_WaitForLastTask
    main.o(.text.RTC_Config) refers to stm32f10x_rtc.o(.text.RTC_SetPrescaler) for RTC_SetPrescaler
    main.o(.text.RTC_Config) refers to stm32f10x_rtc.o(.text.RTC_SetCounter) for RTC_SetCounter
    main.o(.ARM.exidx.text.RTC_Config) refers to main.o(.text.RTC_Config) for [Anonymous Symbol]
    main.o(.text.RTC_AlarmConfig) refers to stm32f10x_rtc.o(.text.RTC_WaitForLastTask) for RTC_WaitForLastTask
    main.o(.text.RTC_AlarmConfig) refers to stm32f10x_rtc.o(.text.RTC_SetAlarm) for RTC_SetAlarm
    main.o(.text.RTC_AlarmConfig) refers to stm32f10x_rtc.o(.text.RTC_ClearFlag) for RTC_ClearFlag
    main.o(.text.RTC_AlarmConfig) refers to stm32f10x_rtc.o(.text.RTC_ITConfig) for RTC_ITConfig
    main.o(.text.RTC_AlarmConfig) refers to main.o(.rodata.str1.1) for .L.str.5
    main.o(.text.RTC_AlarmConfig) refers to main.o(.text.UART1_SendString) for UART1_SendString
    main.o(.ARM.exidx.text.RTC_AlarmConfig) refers to main.o(.text.RTC_AlarmConfig) for [Anonymous Symbol]
    main.o(.text.Enter_Standby_Mode) refers to main.o(.rodata.str1.1) for .L.str.6
    main.o(.text.Enter_Standby_Mode) refers to main.o(.text.UART1_SendString) for UART1_SendString
    main.o(.text.Enter_Standby_Mode) refers to stm32f10x_pwr.o(.text.PWR_ClearFlag) for PWR_ClearFlag
    main.o(.text.Enter_Standby_Mode) refers to stm32f10x_pwr.o(.text.PWR_WakeUpPinCmd) for PWR_WakeUpPinCmd
    main.o(.text.Enter_Standby_Mode) refers to main.o(.text.__NVIC_EnableIRQ) for __NVIC_EnableIRQ
    main.o(.text.Enter_Standby_Mode) refers to stm32f10x_pwr.o(.text.PWR_EnterSTANDBYMode) for PWR_EnterSTANDBYMode
    main.o(.ARM.exidx.text.Enter_Standby_Mode) refers to main.o(.text.Enter_Standby_Mode) for [Anonymous Symbol]
    main.o(.ARM.exidx.text.__NVIC_EnableIRQ) refers to main.o(.text.__NVIC_EnableIRQ) for [Anonymous Symbol]
[...]
    stm32f10x_usart.o(.ARM.exidx.text.USART_Cmd) refers to stm32f10x_usart.o(.text.USART_Cmd) for [Anonymous Symbol]
    stm32f10x_usart.o(.ARM.exidx.text.USART_ITConfig) refers to stm32f10x_usart.o(.text.USART_ITConfig) for [Anonymous Symbol]
    stm32f10x_usart.o(.ARM.exidx.text.USART_DMACmd) refers to stm32f10x_usart.o(.text.USART_DMACmd) for [Anonymous Symbol]
    stm32f10x_usart.o(.ARM.exidx.text.USART_SetAddress) refers to stm32f10x_usart.o(.text.USART_SetAddress) for [Anonymous Symbol]
    stm32f10x_usart.o(.ARM.exidx.text.USART_WakeUpConfig) refers to stm32f10x_usart.o(.text.USART_WakeUpConfig) for [Anonymous Symbol]
    stm32f10x_usart.o(.ARM.exidx.text.USART_ReceiverWakeUpCmd) refers to stm32f10x_usart.o(.text.USART_ReceiverWakeUpCmd) for [Anonymous Symbol]
    stm32f10x_usart.o(.ARM.exidx.text.USART_LINBreakDetectLengthConfig) refers to stm32f10x_usart.o(.text.USART_LINBreakDetectLengthConfig) for [Anonymous Symbol]
    stm32f10x_usart.o(.ARM.exidx.text.USART_LINCmd) refers to stm32f10x_usart.o(.text.USART_LINCmd) for [Anonymous Symbol]
    stm32f10x_usart.o(.ARM.exidx.text.USART_SendData) refers to stm32f10x_usart.o(.text.USART_SendData) for [Anonymous Symbol]
    stm32f10x_usart.o(.ARM.exidx.text.USART_ReceiveData) refers to stm32f10x_usart.o(.text.USART_ReceiveData) for [Anonymous Symbol]
    stm32f10x_usart.o(.ARM.exidx.text.USART_SendBreak) refers to stm32f10x_usart.o(.text.USART_SendBreak) for [Anonymous Symbol]
    stm32f10x_usart.o(.ARM.exidx.text.USART_SetGuardTime) refers to stm32f10x_usart.o(.text.USART_SetGuardTime) for [Anonymous Symbol]
    stm32f10x_usart.o(.ARM.exidx.text.USART_SetPrescaler) refers to stm32f10x_usart.o(.text.USART_SetPrescaler) for [Anonymous Symbol]
    stm32f10x_usart.o(.ARM.exidx.text.USART_SmartCardCmd) refers to stm32f10x_usart.o(.text.USART_SmartCardCmd) for [Anonymous Symbol]
    stm32f10x_usart.o(.ARM.exidx.text.USART_SmartCardNACKCmd) refers to stm32f10x_usart.o(.text.USART_SmartCardNACKCmd) for [Anonymous Symbol]
    stm32f10x_usart.o(.ARM.exidx.text.USART_HalfDuplexCmd) refers to stm32f10x_usart.o(.text.USART_HalfDuplexCmd) for [Anonymous Symbol]
    stm32f10x_usart.o(.ARM.exidx.text.USART_OverSampling8Cmd) refers to stm32f10x_usart.o(.text.USART_OverSampling8Cmd) for [Anonymous Symbol]
    stm32f10x_usart.o(.ARM.exidx.text.USART_OneBitMethodCmd) refers to stm32f10x_usart.o(.text.USART_OneBitMethodCmd) for [Anonymous Symbol]
    stm32f10x_usart.o(.ARM.exidx.text.USART_IrDAConfig) refers to stm32f10x_usart.o(.text.USART_IrDAConfig) for [Anonymous Symbol]
    stm32f10x_usart.o(.ARM.exidx.text.USART_IrDACmd) refers to stm32f10x_usart.o(.text.USART_IrDACmd) for [Anonymous Symbol]
    stm32f10x_usart.o(.ARM.exidx.text.USART_GetFlagStatus) refers to stm32f10x_usart.o(.text.USART_GetFlagStatus) for [Anonymous Symbol]
    stm32f10x_usart.o(.ARM.exidx.text.USART_ClearFlag) refers to stm32f10x_usart.o(.text.USART_ClearFlag) for [Anonymous Symbol]
    stm32f10x_usart.o(.ARM.exidx.text.USART_GetITStatus) refers to stm32f10x_usart.o(.text.USART_GetITStatus) for [Anonymous Symbol]
    stm32f10x_usart.o(.ARM.exidx.text.USART_ClearITPendingBit) refers to stm32f10x_usart.o(.text.USART_ClearITPendingBit) for [Anonymous Symbol]
    startup_stm32f10x_md.o(STACK) refers (Special) to heapauxi.o(.text) for __use_two_region_memory
    startup_stm32f10x_md.o(HEAP) refers (Special) to heapauxi.o(.text) for __use_two_region_memory
    startup_stm32f10x_md.o(RESET) refers (Special) to heapauxi.o(.text) for __use_two_region_memory
    startup_stm32f10x_md.o(RESET) refers to startup_stm32f10x_md.o(STACK) for __initial_sp
    startup_stm32f10x_md.o(RESET) refers to startup_stm32f10x_md.o(.text) for Reset_Handler
    startup_stm32f10x_md.o(RESET) refers to main.o(.text.RTC_IRQHandler) for RTC_IRQHandler
    startup_stm32f10x_md.o(.text) refers (Special) to heapauxi.o(.text) for __use_two_region_memory
    startup_stm32f10x_md.o(.text) refers to system_stm32f10x.o(.text.SystemInit) for SystemInit
    startup_stm32f10x_md.o(.text) refers to __main.o(!!!main) for __main
    startup_stm32f10x_md.o(.text) refers to startup_stm32f10x_md.o(HEAP) for Heap_Mem
    startup_stm32f10x_md.o(.text) refers to startup_stm32f10x_md.o(STACK) for Stack_Mem
    system_stm32f10x.o(.text.SystemInit) refers to system_stm32f10x.o(.text.SetSysClock) for SetSysClock
    system_stm32f10x.o(.ARM.exidx.text.SystemInit) refers to system_stm32f10x.o(.text.SystemInit) for [Anonymous Symbol]
    system_stm32f10x.o(.text.SetSysClock) refers to system_stm32f10x.o(.text.SetSysClockTo72) for SetSysClockTo72
    system_stm32f10x.o(.ARM.exidx.text.SetSysClock) refers to system_stm32f10x.o(.text.SetSysClock) for [Anonymous Symbol]
    system_stm32f10x.o(.text.SystemCoreClockUpdate) refers to system_stm32f10x.o(.data.SystemCoreClock) for SystemCoreClock
    system_stm32f10x.o(.text.SystemCoreClockUpdate) refers to system_stm32f10x.o(.rodata.AHBPrescTable) for AHBPrescTable
    system_stm32f10x.o(.ARM.exidx.text.SystemCoreClockUpdate) refers to system_stm32f10x.o(.text.SystemCoreClockUpdate) for [Anonymous Symbol]
    system_stm32f10x.o(.ARM.exidx.text.SetSysClockTo72) refers to system_stm32f10x.o(.text.SetSysClockTo72) for [Anonymous Symbol]
    __main.o(!!!main) refers to __rtentry.o(.ARM.Collect$$rtentry$$00000000) for __rt_entry
    __rtentry.o(.ARM.Collect$$rtentry$$00000000) refers (Special) to __rtentry2.o(.ARM.Collect$$rtentry$$0000000A) for __rt_entry_li
    __rtentry.o(.ARM.Collect$$rtentry$$00000000) refers (Special) to __rtentry2.o(.ARM.Collect$$rtentry$$0000000D) for __rt_entry_main
    __rtentry.o(.ARM.Collect$$rtentry$$00000000) refers (Special) to __rtentry2.o(.ARM.Collect$$rtentry$$0000000C) for __rt_entry_postli_1
    __rtentry.o(.ARM.Collect$$rtentry$$00000000) refers (Special) to __rtentry2.o(.ARM.Collect$$rtentry$$00000009) for __rt_entry_postsh_1
    __rtentry.o(.ARM.Collect$$rtentry$$00000000) refers (Special) to __rtentry2.o(.ARM.Collect$$rtentry$$00000002) for __rt_entry_presh_1
    __rtentry.o(.ARM.Collect$$rtentry$$00000000) refers (Special) to __rtentry4.o(.ARM.Collect$$rtentry$$00000004) for __rt_entry_sh
    __rtentry2.o(.ARM.Collect$$rtentry$$00000008) refers to boardinit2.o(.text) for _platform_post_stackheap_init
    __rtentry2.o(.ARM.Collect$$rtentry$$0000000A) refers to libinit.o(.ARM.Collect$$libinit$$00000000) for __rt_lib_init
    __rtentry2.o(.ARM.Collect$$rtentry$$0000000B) refers to boardinit3.o(.text) for _platform_post_lib_init
    __rtentry2.o(.ARM.Collect$$rtentry$$0000000D) refers to main.o(.text.main) for main
    __rtentry2.o(.ARM.Collect$$rtentry$$0000000D) refers to exit.o(.text) for exit
    __rtentry2.o(.ARM.exidx) refers to __rtentry2.o(.ARM.Collect$$rtentry$$00000001) for .ARM.Collect$$rtentry$$00000001
    __rtentry2.o(.ARM.exidx) refers to __rtentry2.o(.ARM.Collect$$rtentry$$00000008) for .ARM.Collect$$rtentry$$00000008
    __rtentry2.o(.ARM.exidx) refers to __rtentry2.o(.ARM.Collect$$rtentry$$0000000A) for .ARM.Collect$$rtentry$$0000000A
    __rtentry2.o(.ARM.exidx) refers to __rtentry2.o(.ARM.Collect$$rtentry$$0000000B) for .ARM.Collect$$rtentry$$0000000B
    __rtentry2.o(.ARM.exidx) refers to __rtentry2.o(.ARM.Collect$$rtentry$$0000000D) for .ARM.Collect$$rtentry$$0000000D
    __rtentry4.o(.ARM.Collect$$rtentry$$00000004) refers to sys_stackheap_outer.o(.text) for __user_setup_stackheap
    __rtentry4.o(.ARM.exidx) refers to __rtentry4.o(.ARM.Collect$$rtentry$$00000004) for .ARM.Collect$$rtentry$$00000004
    sys_stackheap_outer.o(.text) refers to libspace.o(.text) for __user_perproc_libspace
    sys_stackheap_outer.o(.text) refers to startup_stm32f10x_md.o(.text) for __user_initial_stackheap
    exit.o(.text) refers to rtexit.o(.ARM.Collect$$rtexit$$00000000) for __rt_exit
    libinit.o(.ARM.Collect$$libinit$$00000000) refers (Special) to libinit2.o(.ARM.Collect$$libinit$$00000030) for __rt_lib_init_alloca_1
    libinit.o(.ARM.Collect$$libinit$$00000000) refers (Special) to libinit2.o(.ARM.Collect$$libinit$$0000002E) for __rt_lib_init_argv_1
    libinit.o(.ARM.Collect$$libinit$$00000000) refers (Special) to libinit2.o(.ARM.Collect$$libinit$$0000001D) for __rt_lib_init_atexit_1
    libinit.o(.ARM.Collect$$libinit$$00000000) refers (Special) to libinit2.o(.ARM.Collect$$libinit$$00000023) for __rt_lib_init_clock_1
    libinit.o(.ARM.Collect$$libinit$$00000000) refers (Special) to libinit2.o(.ARM.Collect$$libinit$$00000034) for __rt_lib_init_cpp_1
    libinit.o(.ARM.Collect$$libinit$$00000000) refers (Special) to libinit2.o(.ARM.Collect$$libinit$$00000032) for __rt_lib_init_exceptions_1
    libinit.o(.ARM.Collect$$libinit$$00000000) refers (Special) to libinit2.o(.ARM.Collect$$libinit$$00000002) for __rt_lib_init_fp_1
    libinit.o(.ARM.Collect$$libinit$$00000000) refers (Special) to libinit2.o(.ARM.Collect$$libinit$$00000021) for __rt_lib_init_fp_trap_1
    libinit.o(.ARM.Collect$$libinit$$00000000) refers (Special) to libinit2.o(.ARM.Collect$$libinit$$00000025) for __rt_lib_init_getenv_1
    libinit.o(.ARM.Collect$$libinit$$00000000) refers (Special) to libinit2.o(.ARM.Collect$$libinit$$0000000C) for __rt_lib_init_heap_1
    libinit.o(.ARM.Collect$$libinit$$00000000) refers (Special) to libinit2.o(.ARM.Collect$$libinit$$00000013) for __rt_lib_init_lc_collate_1
    libinit.o(.ARM.Collect$$libinit$$00000000) refers (Special) to libinit2.o(.ARM.Collect$$libinit$$00000015) for __rt_lib_init_lc_ctype_1
    libinit.o(.ARM.Collect$$libinit$$00000000) refers (Special) to libinit2.o(.ARM.Collect$$libinit$$00000017) for __rt_lib_init_lc_monetary_1
    libinit.o(.ARM.Collect$$libinit$$00000000) refers (Special) to libinit2.o(.ARM.Collect$$libinit$$00000019) for __rt_lib_init_lc_numeric_1
    libinit.o(.ARM.Collect$$libinit$$00000000) refers (Special) to libinit2.o(.ARM.Collect$$libinit$$0000001B) for __rt_lib_init_lc_time_1
    libinit.o(.ARM.Collect$$libinit$$00000000) refers (Special) to libinit2.o(.ARM.Collect$$libinit$$00000006) for __rt_lib_init_preinit_1
    libinit.o(.ARM.Collect$$libinit$$00000000) refers (Special) to libinit2.o(.ARM.Collect$$libinit$$00000010) for __rt_lib_init_rand_1
    libinit.o(.ARM.Collect$$libinit$$00000000) refers (Special) to libinit2.o(.ARM.Collect$$libinit$$00000004) for __rt_lib_init_relocate_pie_1
    libinit.o(.ARM.Collect$$libinit$$00000000) refers (Special) to libinit2.o(.ARM.Collect$$libinit$$00000035) for __rt_lib_init_return
    libinit.o(.ARM.Collect$$libinit$$00000000) refers (Special) to libinit2.o(.ARM.Collect$$libinit$$0000001F) for __rt_lib_init_signal_1
    libinit.o(.ARM.Collect$$libinit$$00000000) refers (Special) to libinit2.o(.ARM.Collect$$libinit$$00000027) for __rt_lib_init_stdio_1
    libinit.o(.ARM.Collect$$libinit$$00000000) refers (Special) to libinit2.o(.ARM.Collect$$libinit$$0000000E) for __rt_lib_init_user_alloc_1
    libspace.o(.text) refers to libspace.o(.bss) for __libspace_start
    rtexit.o(.ARM.Collect$$rtexit$$00000000) refers (Special) to rtexit2.o(.ARM.Collect$$rtexit$$00000004) for __rt_exit_exit
    rtexit.o(.ARM.Collect$$rtexit$$00000000) refers (Special) to rtexit2.o(.ARM.Collect$$rtexit$$00000003) for __rt_exit_ls
    rtexit.o(.ARM.Collect$$rtexit$$00000000) refers (Special) to rtexit2.o(.ARM.Collect$$rtexit$$00000002) for __rt_exit_prels_1
    rtexit.o(.ARM.exidx) refers (Special) to rtexit2.o(.ARM.Collect$$rtexit$$00000004) for __rt_exit_exit
    rtexit.o(.ARM.exidx) refers (Special) to rtexit2.o(.ARM.Collect$$rtexit$$00000003) for __rt_exit_ls
    rtexit.o(.ARM.exidx) refers (Special) to rtexit2.o(.ARM.Collect$$rtexit$$00000002) for __rt_exit_prels_1
    rtexit.o(.ARM.exidx) refers to rtexit.o(.ARM.Collect$$rtexit$$00000000) for .ARM.Collect$$rtexit$$00000000
    libinit2.o(.ARM.Collect$$libinit$$00000012) refers to libinit2.o(.ARM.Collect$$libinit$$00000011) for .ARM.Collect$$libinit$$00000011
    libinit2.o(.ARM.Collect$$libinit$$00000014) refers to libinit2.o(.ARM.Collect$$libinit$$00000011) for .ARM.Collect$$libinit$$00000011
    libinit2.o(.ARM.Collect$$libinit$$00000016) refers to libinit2.o(.ARM.Collect$$libinit$$00000011) for .ARM.Collect$$libinit$$00000011
    libinit2.o(.ARM.Collect$$libinit$$00000018) refers to libinit2.o(.ARM.Collect$$libinit$$00000011) for .ARM.Collect$$libinit$$00000011
    libinit2.o(.ARM.Collect$$libinit$$0000001A) refers to libinit2.o(.ARM.Collect$$libinit$$00000011) for .ARM.Collect$$libinit$$00000011
    libinit2.o(.ARM.Collect$$libinit$$00000028) refers to argv_veneer.o(.emb_text) for __ARM_argv_veneer
    libinit2.o(.ARM.Collect$$libinit$$00000029) refers to argv_veneer.o(.emb_text) for __ARM_argv_veneer
    rtexit2.o(.ARM.Collect$$rtexit$$00000003) refers to libshutdown.o(.ARM.Collect$$libshutdown$$00000000) for __rt_lib_shutdown
    rtexit2.o(.ARM.Collect$$rtexit$$00000004) refers to sys_exit.o(.text) for _sys_exit
    rtexit2.o(.ARM.exidx) refers to rtexit2.o(.ARM.Collect$$rtexit$$00000001) for .ARM.Collect$$rtexit$$00000001
    rtexit2.o(.ARM.exidx) refers to rtexit2.o(.ARM.Collect$$rtexit$$00000003) for .ARM.Collect$$rtexit$$00000003
    rtexit2.o(.ARM.exidx) refers to rtexit2.o(.ARM.Collect$$rtexit$$00000004) for .ARM.Collect$$rtexit$$00000004
    argv_veneer.o(.emb_text) refers to no_argv.o(.text) for __ARM_get_argv
    sys_exit.o(.text) refers (Special) to use_no_semi.o(.text) for __I$use$semihosting
    sys_exit.o(.text) refers (Special) to indicate_semi.o(.text) for __semihosting_library_function
    sys_exit_hlt.o(.text) refers (Special) to use_no_semi.o(.text) for __I$use$semihosting
    sys_exit_hlt.o(.text) refers (Special) to indicate_semi.o(.text) for __semihosting_library_function
    _get_argv_nomalloc.o(.text) refers (Special) to hrguard.o(.text) for __heap_region$guard
    _get_argv_nomalloc.o(.text) refers to defsig_rtmem_outer.o(.text) for __rt_SIGRTMEM
    _get_argv_nomalloc.o(.text) refers to sys_command.o(.text) for _sys_command_string
    libshutdown.o(.ARM.Collect$$libshutdown$$00000000) refers (Special) to libshutdown2.o(.ARM.Collect$$libshutdown$$00000002) for __rt_lib_shutdown_cpp_1
    libshutdown.o(.ARM.Collect$$libshutdown$$00000000) refers (Special) to libshutdown2.o(.ARM.Collect$$libshutdown$$00000007) for __rt_lib_shutdown_fp_trap_1
    libshutdown.o(.ARM.Collect$$libshutdown$$00000000) refers (Special) to libshutdown2.o(.ARM.Collect$$libshutdown$$0000000F) for __rt_lib_shutdown_heap_1
    libshutdown.o(.ARM.Collect$$libshutdown$$00000000) refers (Special) to libshutdown2.o(.ARM.Collect$$libshutdown$$00000010) for __rt_lib_shutdown_return
    libshutdown.o(.ARM.Collect$$libshutdown$$00000000) refers (Special) to libshutdown2.o(.ARM.Collect$$libshutdown$$0000000A) for __rt_lib_shutdown_signal_1
    libshutdown.o(.ARM.Collect$$libshutdown$$00000000) refers (Special) to libshutdown2.o(.ARM.Collect$$libshutdown$$00000004) for __rt_lib_shutdown_stdio_1
    libshutdown.o(.ARM.Collect$$libshutdown$$00000000) refers (Special) to libshutdown2.o(.ARM.Collect$$libshutdown$$0000000C) for __rt_lib_shutdown_user_alloc_1
    sys_command.o(.text) refers (Special) to use_no_semi.o(.text) for __I$use$semihosting
    sys_command.o(.text) refers (Special) to indicate_semi.o(.text) for __semihosting_library_function
    sys_command_hlt.o(.text) refers (Special) to use_no_semi.o(.text) for __I$use$semihosting
    sys_command_hlt.o(.text) refers (Special) to indicate_semi.o(.text) for __semihosting_library_function
    defsig_rtmem_outer.o(.text) refers to defsig_rtmem_inner.o(.text) for __rt_SIGRTMEM_inner
    defsig_rtmem_outer.o(.text) refers to defsig_exit.o(.text) for __sig_exit
    defsig_rtmem_formal.o(.text) refers to rt_raise.o(.text) for __rt_raise
    rt_raise.o(.text) refers to __raise.o(.text) for __raise
    rt_raise.o(.text) refers to sys_exit.o(.text) for _sys_exit
    defsig_exit.o(.text) refers to sys_exit.o(.text) for _sys_exit
    defsig_rtmem_inner.o(.text) refers to defsig_general.o(.text) for __default_signal_display
    __raise.o(.text) refers to defsig.o(CL$$defsig) for __default_signal_handler
    defsig_general.o(.text) refers to sys_wrch.o(.text) for _ttywrch
    sys_wrch.o(.text) refers (Special) to use_no_semi.o(.text) for __I$use$semihosting
    sys_wrch.o(.text) refers (Special) to indicate_semi.o(.text) for __semihosting_library_function
    sys_wrch_hlt.o(.text) refers (Special) to use_no_semi.o(.text) for __I$use$semihosting
    sys_wrch_hlt.o(.text) refers (Special) to indicate_semi.o(.text) for __semihosting_library_function
    defsig.o(CL$$defsig) refers to defsig_rtmem_inner.o(.text) for __rt_SIGRTMEM_inner
    defsig_abrt_inner.o(.text) refers to defsig_general.o(.text) for __default_signal_display
    defsig_fpe_inner.o(.text) refers to defsig_general.o(.text) for __default_signal_display
    defsig_rtred_inner.o(.text) refers to defsig_general.o(.text) for __default_signal_display
    defsig_stak_inner.o(.text) refers to defsig_general.o(.text) for __default_signal_display
    defsig_pvfn_inner.o(.text) refers to defsig_general.o(.text) for __default_signal_display
    defsig_cppl_inner.o(.text) refers to defsig_general.o(.text) for __default_signal_display
    defsig_segv_inner.o(.text) refers to defsig_general.o(.text) for __default_signal_display
    defsig_other.o(.text) refers to defsig_general.o(.text) for __default_signal_display


==============================================================================

Removing Unused input sections from the image.

    Removing main.o(.text), (0 bytes).
    Removing main.o(.ARM.exidx.text.main), (8 bytes).
    Removing main.o(.ARM.exidx.text.UART1_Config), (8 bytes).
    Removing main.o(.ARM.exidx.text.UART1_SendString), (8 bytes).
    Removing main.o(.ARM.exidx.text.DelayMs), (8 bytes).
    Removing main.o(.ARM.exidx.text.RTC_Config), (8 bytes).
    Removing main.o(.ARM.exidx.text.RTC_AlarmConfig), (8 bytes).
    Removing main.o(.ARM.exidx.text.Enter_Standby_Mode), (8 bytes).
    Removing main.o(.ARM.exidx.text.__NVIC_EnableIRQ), (8 bytes).
    Removing main.o(.ARM.exidx.text.RTC_IRQHandler), (8 bytes).
    Removing main.o(.ARM.use_no_argv), (4 bytes).
    Removing misc.o(.text), (0 bytes).
    Removing misc.o(.text.NVIC_PriorityGroupConfig), (28 bytes).
    Removing misc.o(.ARM.exidx.text.NVIC_PriorityGroupConfig), (8 bytes).
    Removing misc.o(.text.NVIC_Init), (166 bytes).
    Removing misc.o(.ARM.exidx.text.NVIC_Init), (8 bytes).
    Removing misc.o(.text.NVIC_SetVectorTable), (36 bytes).
    Removing misc.o(.ARM.exidx.text.NVIC_SetVectorTable), (8 bytes).
    Removing misc.o(.text.NVIC_SystemLPConfig), (62 bytes).
    Removing misc.o(.ARM.exidx.text.NVIC_SystemLPConfig), (8 bytes).
    Removing misc.o(.text.SysTick_CLKSourceConfig), (52 bytes).
    Removing misc.o(.ARM.exidx.text.SysTick_CLKSourceConfig), (8 bytes).
    Removing stm32f10x_bkp.o(.text), (0 bytes).
    Removing stm32f10x_bkp.o(.ARM.exidx.text.BKP_DeInit), (8 bytes).
    Removing stm32f10x_bkp.o(.text.BKP_TamperPinLevelConfig), (24 bytes).
    Removing stm32f10x_bkp.o(.ARM.exidx.text.BKP_TamperPinLevelConfig), (8 bytes).
    Removing stm32f10x_bkp.o(.text.BKP_TamperPinCmd), (24 bytes).
    Removing stm32f10x_bkp.o(.ARM.exidx.text.BKP_TamperPinCmd), (8 bytes).
    Removing stm32f10x_bkp.o(.text.BKP_ITConfig), (24 bytes).
    Removing stm32f10x_bkp.o(.ARM.exidx.text.BKP_ITConfig), (8 bytes).
    Removing stm32f10x_bkp.o(.text.BKP_RTCOutputConfig), (62 bytes).
    Removing stm32f10x_bkp.o(.ARM.exidx.text.BKP_RTCOutputConfig), (8 bytes).
    Removing stm32f10x_bkp.o(.text.BKP_SetRTCCalibrationValue), (62 bytes).
    Removing stm32f10x_bkp.o(.ARM.exidx.text.BKP_SetRTCCalibrationValue), (8 bytes).
    Removing stm32f10x_bkp.o(.text.BKP_WriteBackupRegister), (46 bytes).
    Removing stm32f10x_bkp.o(.ARM.exidx.text.BKP_WriteBackupRegister), (8 bytes).
    Removing stm32f10x_bkp.o(.text.BKP_ReadBackupRegister), (38 bytes).
    Removing stm32f10x_bkp.o(.ARM.exidx.text.BKP_ReadBackupRegister), (8 bytes).
    Removing stm32f10x_bkp.o(.text.BKP_GetFlagStatus), (14 bytes).
    Removing stm32f10x_bkp.o(.ARM.exidx.text.BKP_GetFlagStatus), (8 bytes).
    Removing stm32f10x_bkp.o(.text.BKP_ClearFlag), (18 bytes).
    Removing stm32f10x_bkp.o(.ARM.exidx.text.BKP_ClearFlag), (8 bytes).
    Removing stm32f10x_bkp.o(.text.BKP_GetITStatus), (14 bytes).
    Removing stm32f10x_bkp.o(.ARM.exidx.text.BKP_GetITStatus), (8 bytes).
    Removing stm32f10x_bkp.o(.text.BKP_ClearITPendingBit), (18 bytes).
    Removing stm32f10x_bkp.o(.ARM.exidx.text.BKP_ClearITPendingBit), (8 bytes).
    Removing stm32f10x_exti.o(.text), (0 bytes).
    Removing stm32f10x_exti.o(.text.EXTI_DeInit), (62 bytes).
    Removing stm32f10x_exti.o(.ARM.exidx.text.EXTI_DeInit), (8 bytes).
    Removing stm32f10x_exti.o(.text.EXTI_Init), (234 bytes).
    Removing stm32f10x_exti.o(.ARM.exidx.text.EXTI_Init), (8 bytes).
    Removing stm32f10x_exti.o(.text.EXTI_StructInit), (28 bytes).
    Removing stm32f10x_exti.o(.ARM.exidx.text.EXTI_StructInit), (8 bytes).
    Removing stm32f10x_exti.o(.text.EXTI_GenerateSWInterrupt), (24 bytes).
    Removing stm32f10x_exti.o(.ARM.exidx.text.EXTI_GenerateSWInterrupt), (8 bytes).
    Removing stm32f10x_exti.o(.text.EXTI_GetFlagStatus), (52 bytes).
    Removing stm32f10x_exti.o(.ARM.exidx.text.EXTI_GetFlagStatus), (8 bytes).
    Removing stm32f10x_exti.o(.text.EXTI_ClearFlag), (20 bytes).
    Removing stm32f10x_exti.o(.ARM.exidx.text.EXTI_ClearFlag), (8 bytes).
    Removing stm32f10x_exti.o(.text.EXTI_GetITStatus), (76 bytes).
    Removing stm32f10x_exti.o(.ARM.exidx.text.EXTI_GetITStatus), (8 bytes).
    Removing stm32f10x_exti.o(.ARM.exidx.text.EXTI_ClearITPendingBit), (8 bytes).
    Removing stm32f10x_gpio.o(.text), (0 bytes).
    Removing stm32f10x_gpio.o(.text.GPIO_DeInit), (276 bytes).
    Removing stm32f10x_gpio.o(.ARM.exidx.text.GPIO_DeInit), (8 bytes).
    Removing stm32f10x_gpio.o(.text.GPIO_AFIODeInit), (26 bytes).
    Removing stm32f10x_gpio.o(.ARM.exidx.text.GPIO_AFIODeInit), (8 bytes).
    Removing stm32f10x_gpio.o(.ARM.exidx.text.GPIO_Init), (8 bytes).
    Removing stm32f10x_gpio.o(.text.GPIO_StructInit), (28 bytes).
    Removing stm32f10x_gpio.o(.ARM.exidx.text.GPIO_StructInit), (8 bytes).
    Removing stm32f10x_gpio.o(.text.GPIO_ReadInputDataBit), (52 bytes).
    Removing stm32f10x_gpio.o(.ARM.exidx.text.GPIO_ReadInputDataBit), (8 bytes).
    Removing stm32f10x_gpio.o(.text.GPIO_ReadInputData), (14 bytes).
    Removing stm32f10x_gpio.o(.ARM.exidx.text.GPIO_ReadInputData), (8 bytes).
    Removing stm32f10x_gpio.o(.text.GPIO_ReadOutputDataBit), (52 bytes).
    Removing stm32f10x_gpio.o(.ARM.exidx.text.GPIO_ReadOutputDataBit), (8 bytes).
    Removing stm32f10x_gpio.o(.text.GPIO_ReadOutputData), (14 bytes).
    Removing stm32f10x_gpio.o(.ARM.exidx.text.GPIO_ReadOutputData), (8 bytes).
    Removing stm32f10x_gpio.o(.text.GPIO_SetBits), (20 bytes).
    Removing stm32f10x_gpio.o(.ARM.exidx.text.GPIO_SetBits), (8 bytes).
    Removing stm32f10x_gpio.o(.text.GPIO_ResetBits), (20 bytes).
    Removing stm32f10x_gpio.o(.ARM.exidx.text.GPIO_ResetBits), (8 bytes).
    Removing stm32f10x_gpio.o(.text.GPIO_WriteBit), (44 bytes).
    Removing stm32f10x_gpio.o(.ARM.exidx.text.GPIO_WriteBit), (8 bytes).
    Removing stm32f10x_gpio.o(.text.GPIO_Write), (20 bytes).
    Removing stm32f10x_gpio.o(.ARM.exidx.text.GPIO_Write), (8 bytes).
    Removing stm32f10x_gpio.o(.text.GPIO_PinLockConfig), (60 bytes).
    Removing stm32f10x_gpio.o(.ARM.exidx.text.GPIO_PinLockConfig), (8 bytes).
    Removing stm32f10x_gpio.o(.text.GPIO_EventOutputConfig), (64 bytes).
    Removing stm32f10x_gpio.o(.ARM.exidx.text.GPIO_EventOutputConfig), (8 bytes).
    Removing stm32f10x_gpio.o(.text.GPIO_EventOutputCmd), (22 bytes).
    Removing stm32f10x_gpio.o(.ARM.exidx.text.GPIO_EventOutputCmd), (8 bytes).
    Removing stm32f10x_gpio.o(.text.GPIO_PinRemapConfig), (250 bytes).
    Removing stm32f10x_gpio.o(.ARM.exidx.text.GPIO_PinRemapConfig), (8 bytes).
    Removing stm32f10x_gpio.o(.text.GPIO_EXTILineConfig), (84 bytes).
    Removing stm32f10x_gpio.o(.ARM.exidx.text.GPIO_EXTILineConfig), (8 bytes).
    Removing stm32f10x_gpio.o(.text.GPIO_ETH_MediaInterfaceConfig), (18 bytes).
    Removing stm32f10x_gpio.o(.ARM.exidx.text.GPIO_ETH_MediaInterfaceConfig), (8 bytes).
    Removing stm32f10x_pwr.o(.text), (0 bytes).
    Removing stm32f10x_pwr.o(.text.PWR_DeInit), (28 bytes).
    Removing stm32f10x_pwr.o(.ARM.exidx.text.PWR_DeInit), (8 bytes).
    Removing stm32f10x_pwr.o(.ARM.exidx.text.PWR_BackupAccessCmd), (8 bytes).
    Removing stm32f10x_pwr.o(.text.PWR_PVDCmd), (22 bytes).
    Removing stm32f10x_pwr.o(.ARM.exidx.text.PWR_PVDCmd), (8 bytes).
    Removing stm32f10x_pwr.o(.text.PWR_PVDLevelConfig), (44 bytes).
    Removing stm32f10x_pwr.o(.ARM.exidx.text.PWR_PVDLevelConfig), (8 bytes).
    Removing stm32f10x_pwr.o(.ARM.exidx.text.PWR_WakeUpPinCmd), (8 bytes).
    Removing stm32f10x_pwr.o(.text.PWR_EnterSTOPMode), (98 bytes).
    Removing stm32f10x_pwr.o(.ARM.exidx.text.PWR_EnterSTOPMode), (8 bytes).
    Removing stm32f10x_pwr.o(.ARM.exidx.text.PWR_EnterSTANDBYMode), (8 bytes).
    Removing stm32f10x_pwr.o(.ARM.exidx.text.PWR_GetFlagStatus), (8 bytes).
    Removing stm32f10x_pwr.o(.ARM.exidx.text.PWR_ClearFlag), (8 bytes).
    Removing stm32f10x_rcc.o(.text), (0 bytes).
    Removing stm32f10x_rcc.o(.text.RCC_DeInit), (82 bytes).
    Removing stm32f10x_rcc.o(.ARM.exidx.text.RCC_DeInit), (8 bytes).
    Removing stm32f10x_rcc.o(.text.RCC_HSEConfig), (92 bytes).
    Removing stm32f10x_rcc.o(.ARM.exidx.text.RCC_HSEConfig), (8 bytes).
    Removing stm32f10x_rcc.o(.text.RCC_WaitForHSEStartUp), (108 bytes).
    Removing stm32f10x_rcc.o(.ARM.exidx.text.RCC_WaitForHSEStartUp), (8 bytes).
    Removing stm32f10x_rcc.o(.ARM.exidx.text.RCC_GetFlagStatus), (8 bytes).
    Removing stm32f10x_rcc.o(.text.RCC_AdjustHSICalibrationValue), (50 bytes).
    Removing stm32f10x_rcc.o(.ARM.exidx.text.RCC_AdjustHSICalibrationValue), (8 bytes).
    Removing stm32f10x_rcc.o(.text.RCC_HSICmd), (22 bytes).
    Removing stm32f10x_rcc.o(.ARM.exidx.text.RCC_HSICmd), (8 bytes).
    Removing stm32f10x_rcc.o(.text.RCC_PLLConfig), (50 bytes).
    Removing stm32f10x_rcc.o(.ARM.exidx.text.RCC_PLLConfig), (8 bytes).
    Removing stm32f10x_rcc.o(.text.RCC_PLLCmd), (22 bytes).
    Removing stm32f10x_rcc.o(.ARM.exidx.text.RCC_PLLCmd), (8 bytes).
    Removing stm32f10x_rcc.o(.text.RCC_SYSCLKConfig), (44 bytes).
    Removing stm32f10x_rcc.o(.ARM.exidx.text.RCC_SYSCLKConfig), (8 bytes).
    Removing stm32f10x_rcc.o(.text.RCC_GetSYSCLKSource), (16 bytes).
    Removing stm32f10x_rcc.o(.ARM.exidx.text.RCC_GetSYSCLKSource), (8 bytes).
    Removing stm32f10x_rcc.o(.text.RCC_HCLKConfig), (44 bytes).
    Removing stm32f10x_rcc.o(.ARM.exidx.text.RCC_HCLKConfig), (8 bytes).
    Removing stm32f10x_rcc.o(.text.RCC_PCLK1Config), (44 bytes).
    Removing stm32f10x_rcc.o(.ARM.exidx.text.RCC_PCLK1Config), (8 bytes).
    Removing stm32f10x_rcc.o(.text.RCC_PCLK2Config), (46 bytes).
    Removing stm32f10x_rcc.o(.ARM.exidx.text.RCC_PCLK2Config), (8 bytes).
    Removing stm32f10x_rcc.o(.text.RCC_ITConfig), (62 bytes).
    Removing stm32f10x_rcc.o(.ARM.exidx.text.RCC_ITConfig), (8 bytes).
    Removing stm32f10x_rcc.o(.text.RCC_USBCLKConfig), (18 bytes).
    Removing stm32f10x_rcc.o(.ARM.exidx.text.RCC_USBCLKConfig), (8 bytes).
    Removing stm32f10x_rcc.o(.text.RCC_ADCCLKConfig), (44 bytes).
    Removing stm32f10x_rcc.o(.ARM.exidx.text.RCC_ADCCLKConfig), (8 bytes).
    Removing stm32f10x_rcc.o(.ARM.exidx.text.RCC_LSEConfig), (8 bytes).
    Removing stm32f10x_rcc.o(.text.RCC_LSICmd), (24 bytes).
    Removing stm32f10x_rcc.o(.ARM.exidx.text.RCC_LSICmd), (8 bytes).
    Removing stm32f10x_rcc.o(.ARM.exidx.text.RCC_RTCCLKConfig), (8 bytes).
    Removing stm32f10x_rcc.o(.ARM.exidx.text.RCC_RTCCLKCmd), (8 bytes).
    Removing stm32f10x_rcc.o(.ARM.exidx.text.RCC_GetClocksFreq), (8 bytes).
    Removing stm32f10x_rcc.o(.text.RCC_AHBPeriphClockCmd), (56 bytes).
    Removing stm32f10x_rcc.o(.ARM.exidx.text.RCC_AHBPeriphClockCmd), (8 bytes).
    Removing stm32f10x_rcc.o(.ARM.exidx.text.RCC_APB2PeriphClockCmd), (8 bytes).
    Removing stm32f10x_rcc.o(.ARM.exidx.text.RCC_APB1PeriphClockCmd), (8 bytes).
    Removing stm32f10x_rcc.o(.text.RCC_APB2PeriphResetCmd), (56 bytes).
    Removing stm32f10x_rcc.o(.ARM.exidx.text.RCC_APB2PeriphResetCmd), (8 bytes).
    Removing stm32f10x_rcc.o(.text.RCC_APB1PeriphResetCmd), (56 bytes).
    Removing stm32f10x_rcc.o(.ARM.exidx.text.RCC_APB1PeriphResetCmd), (8 bytes).
    Removing stm32f10x_rcc.o(.ARM.exidx.text.RCC_BackupResetCmd), (8 bytes).
    Removing stm32f10x_rcc.o(.text.RCC_ClockSecuritySystemCmd), (22 bytes).
    Removing stm32f10x_rcc.o(.ARM.exidx.text.RCC_ClockSecuritySystemCmd), (8 bytes).
    Removing stm32f10x_rcc.o(.text.RCC_MCOConfig), (24 bytes).
    Removing stm32f10x_rcc.o(.ARM.exidx.text.RCC_MCOConfig), (8 bytes).
    Removing stm32f10x_rcc.o(.text.RCC_ClearFlag), (18 bytes).
    Removing stm32f10x_rcc.o(.ARM.exidx.text.RCC_ClearFlag), (8 bytes).
    Removing stm32f10x_rcc.o(.text.RCC_GetITStatus), (56 bytes).
    Removing stm32f10x_rcc.o(.ARM.exidx.text.RCC_GetITStatus), (8 bytes).
    Removing stm32f10x_rcc.o(.text.RCC_ClearITPendingBit), (24 bytes).
    Removing stm32f10x_rcc.o(.ARM.exidx.text.RCC_ClearITPendingBit), (8 bytes).
    Removing stm32f10x_rtc.o(.text), (0 bytes).
    Removing stm32f10x_rtc.o(.ARM.exidx.text.RTC_ITConfig), (8 bytes).
    Removing stm32f10x_rtc.o(.ARM.exidx.text.RTC_EnterConfigMode), (8 bytes).
    Removing stm32f10x_rtc.o(.ARM.exidx.text.RTC_ExitConfigMode), (8 bytes).
    Removing stm32f10x_rtc.o(.ARM.exidx.text.RTC_GetCounter), (8 bytes).
    Removing stm32f10x_rtc.o(.ARM.exidx.text.RTC_SetCounter), (8 bytes).
    Removing stm32f10x_rtc.o(.ARM.exidx.text.RTC_SetPrescaler), (8 bytes).
    Removing stm32f10x_rtc.o(.ARM.exidx.text.RTC_SetAlarm), (8 bytes).
    Removing stm32f10x_rtc.o(.text.RTC_GetDivider), (46 bytes).
    Removing stm32f10x_rtc.o(.ARM.exidx.text.RTC_GetDivider), (8 bytes).
    Removing stm32f10x_rtc.o(.ARM.exidx.text.RTC_WaitForLastTask), (8 bytes).
    Removing stm32f10x_rtc.o(.ARM.exidx.text.RTC_WaitForSynchro), (8 bytes).
    Removing stm32f10x_rtc.o(.text.RTC_GetFlagStatus), (58 bytes).
    Removing stm32f10x_rtc.o(.ARM.exidx.text.RTC_GetFlagStatus), (8 bytes).
    Removing stm32f10x_rtc.o(.ARM.exidx.text.RTC_ClearFlag), (8 bytes).
    Removing stm32f10x_rtc.o(.ARM.exidx.text.RTC_GetITStatus), (8 bytes).
    Removing stm32f10x_rtc.o(.ARM.exidx.text.RTC_ClearITPendingBit), (8 bytes).
    Removing stm32f10x_usart.o(.text), (0 bytes).
    Removing stm32f10x_usart.o(.text.USART_DeInit), (208 bytes).
    Removing stm32f10x_usart.o(.ARM.exidx.text.USART_DeInit), (8 bytes).
    Removing stm32f10x_usart.o(.ARM.exidx.text.USART_Init), (8 bytes).
    Removing stm32f10x_usart.o(.text.USART_StructInit), (40 bytes).
    Removing stm32f10x_usart.o(.ARM.exidx.text.USART_StructInit), (8 bytes).
    Removing stm32f10x_usart.o(.text.USART_ClockInit), (58 bytes).
    Removing stm32f10x_usart.o(.ARM.exidx.text.USART_ClockInit), (8 bytes).
    Removing stm32f10x_usart.o(.text.USART_ClockStructInit), (26 bytes).
    Removing stm32f10x_usart.o(.ARM.exidx.text.USART_ClockStructInit), (8 bytes).
    Removing stm32f10x_usart.o(.ARM.exidx.text.USART_Cmd), (8 bytes).
    Removing stm32f10x_usart.o(.text.USART_ITConfig), (146 bytes).
    Removing stm32f10x_usart.o(.ARM.exidx.text.USART_ITConfig), (8 bytes).
    Removing stm32f10x_usart.o(.text.USART_DMACmd), (52 bytes).
    Removing stm32f10x_usart.o(.ARM.exidx.text.USART_DMACmd), (8 bytes).
    Removing stm32f10x_usart.o(.text.USART_SetAddress), (34 bytes).
    Removing stm32f10x_usart.o(.ARM.exidx.text.USART_SetAddress), (8 bytes).
    Removing stm32f10x_usart.o(.text.USART_WakeUpConfig), (34 bytes).
    Removing stm32f10x_usart.o(.ARM.exidx.text.USART_WakeUpConfig), (8 bytes).
    Removing stm32f10x_usart.o(.text.USART_ReceiverWakeUpCmd), (44 bytes).
    Removing stm32f10x_usart.o(.ARM.exidx.text.USART_ReceiverWakeUpCmd), (8 bytes).
    Removing stm32f10x_usart.o(.text.USART_LINBreakDetectLengthConfig), (34 bytes).
    Removing stm32f10x_usart.o(.ARM.exidx.text.USART_LINBreakDetectLengthConfig), (8 bytes).
    Removing stm32f10x_usart.o(.text.USART_LINCmd), (44 bytes).
    Removing stm32f10x_usart.o(.ARM.exidx.text.USART_LINCmd), (8 bytes).
    Removing stm32f10x_usart.o(.ARM.exidx.text.USART_SendData), (8 bytes).
    Removing stm32f10x_usart.o(.text.USART_ReceiveData), (16 bytes).
    Removing stm32f10x_usart.o(.ARM.exidx.text.USART_ReceiveData), (8 bytes).
    Removing stm32f10x_usart.o(.text.USART_SendBreak), (18 bytes).
    Removing stm32f10x_usart.o(.ARM.exidx.text.USART_SendBreak), (8 bytes).
    Removing stm32f10x_usart.o(.text.USART_SetGuardTime), (34 bytes).
    Removing stm32f10x_usart.o(.ARM.exidx.text.USART_SetGuardTime), (8 bytes).
    Removing stm32f10x_usart.o(.text.USART_SetPrescaler), (34 bytes).
    Removing stm32f10x_usart.o(.ARM.exidx.text.USART_SetPrescaler), (8 bytes).
    Removing stm32f10x_usart.o(.text.USART_SmartCardCmd), (44 bytes).
    Removing stm32f10x_usart.o(.ARM.exidx.text.USART_SmartCardCmd), (8 bytes).
    Removing stm32f10x_usart.o(.text.USART_SmartCardNACKCmd), (44 bytes).
    Removing stm32f10x_usart.o(.ARM.exidx.text.USART_SmartCardNACKCmd), (8 bytes).
    Removing stm32f10x_usart.o(.text.USART_HalfDuplexCmd), (44 bytes).
    Removing stm32f10x_usart.o(.ARM.exidx.text.USART_HalfDuplexCmd), (8 bytes).
    Removing stm32f10x_usart.o(.text.USART_OverSampling8Cmd), (44 bytes).
    Removing stm32f10x_usart.o(.ARM.exidx.text.USART_OverSampling8Cmd), (8 bytes).
    Removing stm32f10x_usart.o(.text.USART_OneBitMethodCmd), (44 bytes).
    Removing stm32f10x_usart.o(.ARM.exidx.text.USART_OneBitMethodCmd), (8 bytes).
    Removing stm32f10x_usart.o(.text.USART_IrDAConfig), (34 bytes).
    Removing stm32f10x_usart.o(.ARM.exidx.text.USART_IrDAConfig), (8 bytes).
    Removing stm32f10x_usart.o(.text.USART_IrDACmd), (44 bytes).
    Removing stm32f10x_usart.o(.ARM.exidx.text.USART_IrDACmd), (8 bytes).
    Removing stm32f10x_usart.o(.ARM.exidx.text.USART_GetFlagStatus), (8 bytes).
    Removing stm32f10x_usart.o(.text.USART_ClearFlag), (36 bytes).
    Removing stm32f10x_usart.o(.ARM.exidx.text.USART_ClearFlag), (8 bytes).
    Removing stm32f10x_usart.o(.text.USART_GetITStatus), (176 bytes).
    Removing stm32f10x_usart.o(.ARM.exidx.text.USART_GetITStatus), (8 bytes).
    Removing stm32f10x_usart.o(.text.USART_ClearITPendingBit), (68 bytes).
    Removing stm32f10x_usart.o(.ARM.exidx.text.USART_ClearITPendingBit), (8 bytes).
    Removing system_stm32f10x.o(.text), (0 bytes).
    Removing system_stm32f10x.o(.ARM.exidx.text.SystemInit), (8 bytes).
    Removing system_stm32f10x.o(.ARM.exidx.text.SetSysClock), (8 bytes).
    Removing system_stm32f10x.o(.text.SystemCoreClockUpdate), (290 bytes).
    Removing system_stm32f10x.o(.ARM.exidx.text.SystemCoreClockUpdate), (8 bytes).
    Removing system_stm32f10x.o(.ARM.exidx.text.SetSysClockTo72), (8 bytes).
    Removing system_stm32f10x.o(.data.SystemCoreClock), (4 bytes).
    Removing system_stm32f10x.o(.rodata.AHBPrescTable), (16 bytes).

249 unused section(s) (total 6458 bytes) removed from the image.

==============================================================================

Image Symbol Table

    Local Symbols

    Symbol Name                              Value     Ov Type        Size  Object(Section)

    ../clib/angel/boardlib.s                 0x00000000   Number         0  boardinit1.o ABSOLUTE
    ../clib/angel/boardlib.s                 0x00000000   Number         0  boardinit2.o ABSOLUTE
    ../clib/angel/boardlib.s                 0x00000000   Number         0  boardinit3.o ABSOLUTE
    ../clib/angel/boardlib.s                 0x00000000   Number         0  boardshut.o ABSOLUTE
    ../clib/angel/handlers.s                 0x00000000   Number         0  __scatter_zi.o ABSOLUTE
    ../clib/angel/kernel.s                   0x00000000   Number         0  __rtentry.o ABSOLUTE
    ../clib/angel/kernel.s                   0x00000000   Number         0  __rtentry2.o ABSOLUTE
    ../clib/angel/kernel.s                   0x00000000   Number         0  __rtentry4.o ABSOLUTE
    ../clib/angel/kernel.s                   0x00000000   Number         0  rtexit.o ABSOLUTE
    ../clib/angel/kernel.s                   0x00000000   Number         0  rtexit2.o ABSOLUTE
    ../clib/angel/rt.s                       0x00000000   Number         0  rt_raise.o ABSOLUTE
    ../clib/angel/scatter.s                  0x00000000   Number         0  __scatter.o ABSOLUTE
    ../clib/angel/startup.s                  0x00000000   Number         0  __main.o ABSOLUTE
    ../clib/angel/sys.s                      0x00000000   Number         0  sys_stackheap_outer.o ABSOLUTE
    ../clib/angel/sys.s                      0x00000000   Number         0  libspace.o ABSOLUTE
    ../clib/angel/sys.s                      0x00000000   Number         0  use_no_semi.o ABSOLUTE
    ../clib/angel/sys.s                      0x00000000   Number         0  indicate_semi.o ABSOLUTE
    ../clib/angel/sysapp.c                   0x00000000   Number         0  sys_exit.o ABSOLUTE
    ../clib/angel/sysapp.c                   0x00000000   Number         0  sys_exit_hlt.o ABSOLUTE
    ../clib/angel/sysapp.c                   0x00000000   Number         0  sys_command.o ABSOLUTE
    ../clib/angel/sysapp.c                   0x00000000   Number         0  sys_command_hlt.o ABSOLUTE
    ../clib/angel/sysapp.c                   0x00000000   Number         0  sys_wrch.o ABSOLUTE
    ../clib/angel/sysapp.c                   0x00000000   Number         0  sys_wrch_hlt.o ABSOLUTE
    ../clib/armsys.c                         0x00000000   Number         0  argv_veneer.o ABSOLUTE
    ../clib/armsys.c                         0x00000000   Number         0  argv_veneer.o ABSOLUTE
    ../clib/armsys.c                         0x00000000   Number         0  _get_argv_nomalloc.o ABSOLUTE
    ../clib/armsys.c                         0x00000000   Number         0  no_argv.o ABSOLUTE
    ../clib/heapalloc.c                      0x00000000   Number         0  hrguard.o ABSOLUTE
    ../clib/heapaux.c                        0x00000000   Number         0  heapauxi.o ABSOLUTE
    ../clib/libinit.s                        0x00000000   Number         0  libinit.o ABSOLUTE
    ../clib/libinit.s                        0x00000000   Number         0  libinit2.o ABSOLUTE
    ../clib/libinit.s                        0x00000000   Number         0  libshutdown.o ABSOLUTE
    ../clib/libinit.s                        0x00000000   Number         0  libshutdown2.o ABSOLUTE
    ../clib/signal.c                         0x00000000   Number         0  defsig_rtmem_outer.o ABSOLUTE
    ../clib/signal.c                         0x00000000   Number         0  defsig_rtmem_formal.o ABSOLUTE
    ../clib/signal.c                         0x00000000   Number         0  defsig_exit.o ABSOLUTE
    ../clib/signal.c                         0x00000000   Number         0  defsig_rtmem_inner.o ABSOLUTE
    ../clib/signal.c                         0x00000000   Number         0  __raise.o ABSOLUTE
    ../clib/signal.c                         0x00000000   Number         0  defsig_general.o ABSOLUTE
    ../clib/signal.c                         0x00000000   Number         0  defsig_abrt_inner.o ABSOLUTE
    ../clib/signal.c                         0x00000000   Number         0  defsig_fpe_inner.o ABSOLUTE
    ../clib/signal.c                         0x00000000   Number         0  defsig_rtred_inner.o ABSOLUTE
    ../clib/signal.c                         0x00000000   Number         0  defsig_stak_inner.o ABSOLUTE
    ../clib/signal.c                         0x00000000   Number         0  defsig_pvfn_inner.o ABSOLUTE
    ../clib/signal.c                         0x00000000   Number         0  defsig_cppl_inner.o ABSOLUTE
    ../clib/signal.c                         0x00000000   Number         0  defsig_segv_inner.o ABSOLUTE
    ../clib/signal.c                         0x00000000   Number         0  defsig_other.o ABSOLUTE
    ../clib/signal.s                         0x00000000   Number         0  defsig.o ABSOLUTE
    ../clib/stdlib.c                         0x00000000   Number         0  exit.o ABSOLUTE
    ../fplib/fpinit.s                        0x00000000   Number         0  fpinit.o ABSOLUTE
    ../fplib/fpinit_empty.s                  0x00000000   Number         0  fpinit_empty.o ABSOLUTE
    RTE/Device/STM32F103C8/startup_stm32f10x_md.s 0x00000000   Number         0  startup_stm32f10x_md.o ABSOLUTE
    dc.s                                     0x00000000   Number         0  dc.o ABSOLUTE
    main.c                                   0x00000000   Number         0  main.o ABSOLUTE
    misc.c                                   0x00000000   Number         0  misc.o ABSOLUTE
    stm32f10x_bkp.c                          0x00000000   Number         0  stm32f10x_bkp.o ABSOLUTE
    stm32f10x_exti.c                         0x00000000   Number         0  stm32f10x_exti.o ABSOLUTE
    stm32f10x_gpio.c                         0x00000000   Number         0  stm32f10x_gpio.o ABSOLUTE
    stm32f10x_pwr.c                          0x00000000   Number         0  stm32f10x_pwr.o ABSOLUTE
    stm32f10x_rcc.c                          0x00000000   Number         0  stm32f10x_rcc.o ABSOLUTE
    stm32f10x_rtc.c                          0x00000000   Number         0  stm32f10x_rtc.o ABSOLUTE
    stm32f10x_usart.c                        0x00000000   Number         0  stm32f10x_usart.o ABSOLUTE
    system_stm32f10x.c                       0x00000000   Number         0  system_stm32f10x.o ABSOLUTE
    RESET                                    0x08000000   Section      236  startup_stm32f10x_md.o(RESET)
    !!!main                                  0x080000ec   Section        8  __main.o(!!!main)
    !!!scatter                               0x080000f4   Section       92  __scatter.o(!!!scatter)
    !!handler_null                           0x08000150   Section        2  __scatter.o(!!handler_null)
    !!handler_zi                             0x08000154   Section       28  __scatter_zi.o(!!handler_zi)
    .ARM.Collect$$libinit$$00000000          0x08000170   Section        2  libinit.o(.ARM.Collect$$libinit$$00000000)
    .ARM.Collect$$libinit$$00000002          0x08000172   Section        0  libinit2.o(.ARM.Collect$$libinit$$00000002)
    .ARM.Collect$$libinit$$00000004          0x08000172   Section        0  libinit2.o(.ARM.Collect$$libinit$$00000004)
    .ARM.Collect$$libinit$$00000006          0x08000172   Section        0  libinit2.o(.ARM.Collect$$libinit$$00000006)
    .ARM.Collect$$libinit$$0000000C          0x08000172   Section        0  libinit2.o(.ARM.Collect$$libinit$$0000000C)
    .ARM.Collect$$libinit$$0000000E          0x08000172   Section        0  libinit2.o(.ARM.Collect$$libinit$$0000000E)
    .ARM.Collect$$libinit$$00000010          0x08000172   Section        0  libinit2.o(.ARM.Collect$$libinit$$00000010)
    .ARM.Collect$$libinit$$00000013          0x08000172   Section        0  libinit2.o(.ARM.Collect$$libinit$$00000013)
    .ARM.Collect$$libinit$$00000015          0x08000172   Section        0  libinit2.o(.ARM.Collect$$libinit$$00000015)
    .ARM.Collect$$libinit$$00000017          0x08000172   Section        0  libinit2.o(.ARM.Collect$$libinit$$00000017)
    .ARM.Collect$$libinit$$00000019          0x08000172   Section        0  libinit2.o(.ARM.Collect$$libinit$$00000019)
    .ARM.Collect$$libinit$$0000001B          0x08000172   Section        0  libinit2.o(.ARM.Collect$$libinit$$0000001B)
    .ARM.Collect$$libinit$$0000001D          0x08000172   Section        0  libinit2.o(.ARM.Collect$$libinit$$0000001D)
    .ARM.Collect$$libinit$$0000001F          0x08000172   Section        0  libinit2.o(.ARM.Collect$$libinit$$0000001F)
    .ARM.Collect$$libinit$$00000021          0x08000172   Section        0  libinit2.o(.ARM.Collect$$libinit$$00000021)
    .ARM.Collect$$libinit$$00000023          0x08000172   Section        0  libinit2.o(.ARM.Collect$$libinit$$00000023)
    .ARM.Collect$$libinit$$00000025          0x08000172   Section        0  libinit2.o(.ARM.Collect$$libinit$$00000025)
    .ARM.Collect$$libinit$$00000027          0x08000172   Section        0  libinit2.o(.ARM.Collect$$libinit$$00000027)
    .ARM.Collect$$libinit$$0000002E          0x08000172   Section        0  libinit2.o(.ARM.Collect$$libinit$$0000002E)
    .ARM.Collect$$libinit$$00000030          0x08000172   Section        0  libinit2.o(.ARM.Collect$$libinit$$00000030)
    .ARM.Collect$$libinit$$00000032          0x08000172   Section        0  libinit2.o(.ARM.Collect$$libinit$$00000032)
    .ARM.Collect$$libinit$$00000034          0x08000172   Section        0  libinit2.o(.ARM.Collect$$libinit$$00000034)
    .ARM.Collect$$libinit$$00000035          0x08000172   Section        2  libinit2.o(.ARM.Collect$$libinit$$00000035)
    .ARM.Collect$$libshutdown$$00000000      0x08000174   Section        2  libshutdown.o(.ARM.Collect$$libshutdown$$00000000)
    .ARM.Collect$$libshutdown$$00000002      0x08000176   Section        0  libshutdown2.o(.ARM.Collect$$libshutdown$$00000002)
    .ARM.Collect$$libshutdown$$00000004      0x08000176   Section        0  libshutdown2.o(.ARM.Collect$$libshutdown$$00000004)
    .ARM.Collect$$libshutdown$$00000007      0x08000176   Section        0  libshutdown2.o(.ARM.Collect$$libshutdown$$00000007)
    .ARM.Collect$$libshutdown$$0000000A      0x08000176   Section        0  libshutdown2.o(.ARM.Collect$$libshutdown$$0000000A)
    .ARM.Collect$$libshutdown$$0000000C      0x08000176   Section        0  libshutdown2.o(.ARM.Collect$$libshutdown$$0000000C)
    .ARM.Collect$$libshutdown$$0000000F      0x08000176   Section        0  libshutdown2.o(.ARM.Collect$$libshutdown$$0000000F)
    .ARM.Collect$$libshutdown$$00000010      0x08000176   Section        2  libshutdown2.o(.ARM.Collect$$libshutdown$$00000010)
    .ARM.Collect$$rtentry$$00000000          0x08000178   Section        0  __rtentry.o(.ARM.Collect$$rtentry$$00000000)
    .ARM.Collect$$rtentry$$00000002          0x08000178   Section        0  __rtentry2.o(.ARM.Collect$$rtentry$$00000002)
    .ARM.Collect$$rtentry$$00000004          0x08000178   Section        6  __rtentry4.o(.ARM.Collect$$rtentry$$00000004)
    .ARM.Collect$$rtentry$$00000009          0x0800017e   Section        0  __rtentry2.o(.ARM.Collect$$rtentry$$00000009)
    .ARM.Collect$$rtentry$$0000000A          0x0800017e   Section        4  __rtentry2.o(.ARM.Collect$$rtentry$$0000000A)
    .ARM.Collect$$rtentry$$0000000C          0x08000182   Section        0  __rtentry2.o(.ARM.Collect$$rtentry$$0000000C)
    .ARM.Collect$$rtentry$$0000000D          0x08000182   Section        8  __rtentry2.o(.ARM.Collect$$rtentry$$0000000D)
    .ARM.Collect$$rtexit$$00000000           0x0800018a   Section        2  rtexit.o(.ARM.Collect$$rtexit$$00000000)
    .ARM.Collect$$rtexit$$00000002           0x0800018c   Section        0  rtexit2.o(.ARM.Collect$$rtexit$$00000002)
    .ARM.Collect$$rtexit$$00000003           0x0800018c   Section        4  rtexit2.o(.ARM.Collect$$rtexit$$00000003)
    .ARM.Collect$$rtexit$$00000004           0x08000190   Section        6  rtexit2.o(.ARM.Collect$$rtexit$$00000004)
    .text                                    0x08000198   Section       64  startup_stm32f10x_md.o(.text)
    .text                                    0x080001d8   Section        0  heapauxi.o(.text)
    .text                                    0x080001de   Section       74  sys_stackheap_outer.o(.text)
    .text                                    0x08000228   Section        0  exit.o(.text)
    .text                                    0x0800023c   Section        8  libspace.o(.text)
    .text                                    0x08000244   Section        0  sys_exit.o(.text)
    .text                                    0x08000250   Section        2  use_no_semi.o(.text)
    .text                                    0x08000252   Section        0  indicate_semi.o(.text)
    [Anonymous Symbol]                       0x08000254   Section        0  stm32f10x_bkp.o(.text.BKP_DeInit)
    [Anonymous Symbol]                       0x08000264   Section        0  main.o(.text.DelayMs)
    [Anonymous Symbol]                       0x080002d0   Section        0  stm32f10x_exti.o(.text.EXTI_ClearITPendingBit)
    [Anonymous Symbol]                       0x080002e4   Section        0  main.o(.text.Enter_Standby_Mode)
    [Anonymous Symbol]                       0x08000318   Section        0  stm32f10x_gpio.o(.text.GPIO_Init)
    [Anonymous Symbol]                       0x080004a0   Section        0  stm32f10x_pwr.o(.text.PWR_BackupAccessCmd)
    [Anonymous Symbol]                       0x080004b8   Section        0  stm32f10x_pwr.o(.text.PWR_ClearFlag)
    [Anonymous Symbol]                       0x080004d4   Section        0  stm32f10x_pwr.o(.text.PWR_EnterSTANDBYMode)
    [Anonymous Symbol]                       0x080004f8   Section        0  stm32f10x_pwr.o(.text.PWR_GetFlagStatus)
    [Anonymous Symbol]                       0x0800052c   Section        0  stm32f10x_pwr.o(.text.PWR_WakeUpPinCmd)
    [Anonymous Symbol]                       0x08000544   Section        0  stm32f10x_rcc.o(.text.RCC_APB1PeriphClockCmd)
    [Anonymous Symbol]                       0x0800057c   Section        0  stm32f10x_rcc.o(.text.RCC_APB2PeriphClockCmd)
    [Anonymous Symbol]                       0x080005b4   Section        0  stm32f10x_rcc.o(.text.RCC_BackupResetCmd)
    [Anonymous Symbol]                       0x080005cc   Section        0  stm32f10x_rcc.o(.text.RCC_GetClocksFreq)
    [Anonymous Symbol]                       0x08000740   Section        0  stm32f10x_rcc.o(.text.RCC_GetFlagStatus)
    [Anonymous Symbol]                       0x080007c4   Section        0  stm32f10x_rcc.o(.text.RCC_LSEConfig)
    [Anonymous Symbol]                       0x08000810   Section        0  stm32f10x_rcc.o(.text.RCC_RTCCLKCmd)
    [Anonymous Symbol]                       0x08000828   Section        0  stm32f10x_rcc.o(.text.RCC_RTCCLKConfig)
    [Anonymous Symbol]                       0x08000840   Section        0  main.o(.text.RTC_AlarmConfig)
    [Anonymous Symbol]                       0x08000878   Section        0  stm32f10x_rtc.o(.text.RTC_ClearFlag)
    [Anonymous Symbol]                       0x08000894   Section        0  stm32f10x_rtc.o(.text.RTC_ClearITPendingBit)
    [Anonymous Symbol]                       0x080008b0   Section        0  main.o(.text.RTC_Config)
    [Anonymous Symbol]                       0x08000928   Section        0  stm32f10x_rtc.o(.text.RTC_EnterConfigMode)
    [Anonymous Symbol]                       0x0800093c   Section        0  stm32f10x_rtc.o(.text.RTC_ExitConfigMode)
    [Anonymous Symbol]                       0x08000950   Section        0  stm32f10x_rtc.o(.text.RTC_GetCounter)
    [Anonymous Symbol]                       0x080009bc   Section        0  stm32f10x_rtc.o(.text.RTC_GetITStatus)
    [Anonymous Symbol]                       0x08000a14   Section        0  main.o(.text.RTC_IRQHandler)
    [Anonymous Symbol]                       0x08000a34   Section        0  stm32f10x_rtc.o(.text.RTC_ITConfig)
    [Anonymous Symbol]                       0x08000a74   Section        0  stm32f10x_rtc.o(.text.RTC_SetAlarm)
    [Anonymous Symbol]                       0x08000aa0   Section        0  stm32f10x_rtc.o(.text.RTC_SetCounter)
    [Anonymous Symbol]                       0x08000acc   Section        0  stm32f10x_rtc.o(.text.RTC_SetPrescaler)
    [Anonymous Symbol]                       0x08000afc   Section        0  stm32f10x_rtc.o(.text.RTC_WaitForLastTask)
    [Anonymous Symbol]                       0x08000b14   Section        0  stm32f10x_rtc.o(.text.RTC_WaitForSynchro)
    SetSysClock                              0x08000b3d   Thumb Code     8  system_stm32f10x.o(.text.SetSysClock)
    [Anonymous Symbol]                       0x08000b3c   Section        0  system_stm32f10x.o(.text.SetSysClock)
    SetSysClockTo72                          0x08000b45   Thumb Code   290  system_stm32f10x.o(.text.SetSysClockTo72)
    [Anonymous Symbol]                       0x08000b44   Section        0  system_stm32f10x.o(.text.SetSysClockTo72)
    [Anonymous Symbol]                       0x08000c68   Section        0  system_stm32f10x.o(.text.SystemInit)
    [Anonymous Symbol]                       0x08000cd0   Section        0  main.o(.text.UART1_Config)
    [Anonymous Symbol]                       0x08000d58   Section        0  main.o(.text.UART1_SendString)
    [Anonymous Symbol]                       0x08000d98   Section        0  stm32f10x_usart.o(.text.USART_Cmd)
    [Anonymous Symbol]                       0x08000dc4   Section        0  stm32f10x_usart.o(.text.USART_GetFlagStatus)
    [Anonymous Symbol]                       0x08000e08   Section        0  stm32f10x_usart.o(.text.USART_Init)
    [Anonymous Symbol]                       0x08000f64   Section        0  stm32f10x_usart.o(.text.USART_SendData)
    __NVIC_EnableIRQ                         0x08000f7d   Thumb Code    48  main.o(.text.__NVIC_EnableIRQ)
    [Anonymous Symbol]                       0x08000f7c   Section        0  main.o(.text.__NVIC_EnableIRQ)
    [Anonymous Symbol]                       0x08000fac   Section        0  main.o(.text.main)
    ADCPrescTable                            0x0800101a   Data           4  stm32f10x_rcc.o(.rodata.ADCPrescTable)
    [Anonymous Symbol]                       0x0800101a   Section        0  stm32f10x_rcc.o(.rodata.ADCPrescTable)
    APBAHBPrescTable                         0x0800101e   Data          16  stm32f10x_rcc.o(.rodata.APBAHBPrescTable)
    [Anonymous Symbol]                       0x0800101e   Section        0  stm32f10x_rcc.o(.rodata.APBAHBPrescTable)
    .L.str.1                                 0x0800102e   Data          21  main.o(.rodata.str1.1)
    [Anonymous Symbol]                       0x0800102e   Section        0  main.o(.rodata.str1.1)
    .L.str.6                                 0x08001043   Data          22  main.o(.rodata.str1.1)
    .L.str.2                                 0x08001059   Data          31  main.o(.rodata.str1.1)
    .L.str.3                                 0x08001078   Data          29  main.o(.rodata.str1.1)
    .L.str.4                                 0x08001095   Data          18  main.o(.rodata.str1.1)
    .L.str                                   0x080010a7   Data          17  main.o(.rodata.str1.1)
    .L.str.5                                 0x080010b8   Data          22  main.o(.rodata.str1.1)
    .bss                                     0x20000000   Section       96  libspace.o(.bss)
    Heap_Mem                                 0x20000060   Data         512  startup_stm32f10x_md.o(HEAP)
    HEAP                                     0x20000060   Section      512  startup_stm32f10x_md.o(HEAP)
    Stack_Mem                                0x20000260   Data        1024  startup_stm32f10x_md.o(STACK)
    STACK                                    0x20000260   Section     1024  startup_stm32f10x_md.o(STACK)
    __initial_sp                             0x20000660   Data           0  startup_stm32f10x_md.o(STACK)

    Global Symbols

    Symbol Name                              Value     Ov Type        Size  Object(Section)

    BuildAttributes$$THM_ISAv4$P$D$K$B$S$PE$A:L22UL41UL21$X:L11$S22US41US21$IEEE1$IW$~IW$USESV6$~STKCKD$USESV7$~SHL$OSPACE$ROPI$EBA8$UX$STANDARDLIB$REQ8$PRES8$EABIv2 0x00000000   Number         0  anon$$obj.o ABSOLUTE
    __fp_init_empty                          0x00000000   Number         0  fpinit_empty.o ABSOLUTE
    __ARM_exceptions_init                     - Undefined Weak Reference
    __alloca_initialize                       - Undefined Weak Reference
    __arm_preinit_                            - Undefined Weak Reference
    __arm_relocate_pie_                       - Undefined Weak Reference
    __cpp_initialize__aeabi_                  - Undefined Weak Reference
    __cxa_finalize                            - Undefined Weak Reference
    __rt_locale                               - Undefined Weak Reference
    __sigvec_lookup                           - Undefined Weak Reference
    _atexit_init                              - Undefined Weak Reference
    _call_atexit_fns                          - Undefined Weak Reference
    _clock_init                               - Undefined Weak Reference
    _fp_trap_init                             - Undefined Weak Reference
    _fp_trap_shutdown                         - Undefined Weak Reference
    _get_lc_collate                           - Undefined Weak Reference
    _get_lc_ctype                             - Undefined Weak Reference
    _get_lc_monetary                          - Undefined Weak Reference
    _get_lc_numeric                           - Undefined Weak Reference
    _get_lc_time                              - Undefined Weak Reference
    _getenv_init                              - Undefined Weak Reference
    _handle_redirection                       - Undefined Weak Reference
    _init_alloc                               - Undefined Weak Reference
    _init_user_alloc                          - Undefined Weak Reference
    _initio                                   - Undefined Weak Reference
    _rand_init                                - Undefined Weak Reference
    _signal_finish                            - Undefined Weak Reference
    _signal_init                              - Undefined Weak Reference
    _terminate_alloc                          - Undefined Weak Reference
    _terminate_user_alloc                     - Undefined Weak Reference
    _terminateio                              - Undefined Weak Reference
    __Vectors_Size                           0x000000ec   Number         0  startup_stm32f10x_md.o ABSOLUTE
    __Vectors                                0x08000000   Data           4  startup_stm32f10x_md.o(RESET)
    __Vectors_End                            0x080000ec   Data           0  startup_stm32f10x_md.o(RESET)
    __main                                   0x080000ed   Thumb Code     8  __main.o(!!!main)
    __scatterload                            0x080000f5   Thumb Code     0  __scatter.o(!!!scatter)
    __scatterload_rt2                        0x080000f5   Thumb Code    84  __scatter.o(!!!scatter)
    __scatterload_rt2_thumb_only             0x080000f5   Thumb Code     0  __scatter.o(!!!scatter)
    __scatterload_loop                       0x080000ff   Thumb Code     0  __scatter.o(!!!scatter)
    __scatterload_null                       0x08000151   Thumb Code     2  __scatter.o(!!handler_null)
    __scatterload_zeroinit                   0x08000155   Thumb Code    28  __scatter_zi.o(!!handler_zi)
    __rt_lib_init                            0x08000171   Thumb Code     0  libinit.o(.ARM.Collect$$libinit$$00000000)
    __rt_lib_init_alloca_1                   0x08000173   Thumb Code     0  libinit2.o(.ARM.Collect$$libinit$$00000030)
    __rt_lib_init_argv_1                     0x08000173   Thumb Code     0  libinit2.o(.ARM.Collect$$libinit$$0000002E)
    __rt_lib_init_atexit_1                   0x08000173   Thumb Code     0  libinit2.o(.ARM.Collect$$libinit$$0000001D)
    __rt_lib_init_clock_1                    0x08000173   Thumb Code     0  libinit2.o(.ARM.Collect$$libinit$$00000023)
    __rt_lib_init_cpp_1                      0x08000173   Thumb Code     0  libinit2.o(.ARM.Collect$$libinit$$00000034)
    __rt_lib_init_exceptions_1               0x08000173   Thumb Code     0  libinit2.o(.ARM.Collect$$libinit$$00000032)
    __rt_lib_init_fp_1                       0x08000173   Thumb Code     0  libinit2.o(.ARM.Collect$$libinit$$00000002)
    __rt_lib_init_fp_trap_1                  0x08000173   Thumb Code     0  libinit2.o(.ARM.Collect$$libinit$$00000021)
    __rt_lib_init_getenv_1                   0x08000173   Thumb Code     0  libinit2.o(.ARM.Collect$$libinit$$00000025)
    __rt_lib_init_heap_1                     0x08000173   Thumb Code     0  libinit2.o(.ARM.Collect$$libinit$$0000000C)
    __rt_lib_init_lc_collate_1               0x08000173   Thumb Code     0  libinit2.o(.ARM.Collect$$libinit$$00000013)
    __rt_lib_init_lc_ctype_1                 0x08000173   Thumb Code     0  libinit2.o(.ARM.Collect$$libinit$$00000015)
    __rt_lib_init_lc_monetary_1              0x08000173   Thumb Code     0  libinit2.o(.ARM.Collect$$libinit$$00000017)
    __rt_lib_init_lc_numeric_1               0x08000173   Thumb Code     0  libinit2.o(.ARM.Collect$$libinit$$00000019)
    __rt_lib_init_lc_time_1                  0x08000173   Thumb Code     0  libinit2.o(.ARM.Collect$$libinit$$0000001B)
    __rt_lib_init_preinit_1                  0x08000173   Thumb Code     0  libinit2.o(.ARM.Collect$$libinit$$00000006)
    __rt_lib_init_rand_1                     0x08000173   Thumb Code     0  libinit2.o(.ARM.Collect$$libinit$$00000010)
    __rt_lib_init_relocate_pie_1             0x08000173   Thumb Code     0  libinit2.o(.ARM.Collect$$libinit$$00000004)
    __rt_lib_init_return                     0x08000173   Thumb Code     0  libinit2.o(.ARM.Collect$$libinit$$00000035)
    __rt_lib_init_signal_1                   0x08000173   Thumb Code     0  libinit2.o(.ARM.Collect$$libinit$$0000001F)
    __rt_lib_init_stdio_1                    0x08000173   Thumb Code     0  libinit2.o(.ARM.Collect$$libinit$$00000027)
    __rt_lib_init_user_alloc_1               0x08000173   Thumb Code     0  libinit2.o(.ARM.Collect$$libinit$$0000000E)
    __rt_lib_shutdown                        0x08000175   Thumb Code     0  libshutdown.o(.ARM.Collect$$libshutdown$$00000000)
    __rt_lib_shutdown_cpp_1                  0x08000177   Thumb Code     0  libshutdown2.o(.ARM.Collect$$libshutdown$$00000002)
    __rt_lib_shutdown_fp_trap_1              0x08000177   Thumb Code     0  libshutdown2.o(.ARM.Collect$$libshutdown$$00000007)
    __rt_lib_shutdown_heap_1                 0x08000177   Thumb Code     0  libshutdown2.o(.ARM.Collect$$libshutdown$$0000000F)
    __rt_lib_shutdown_return                 0x08000177   Thumb Code     0  libshutdown2.o(.ARM.Collect$$libshutdown$$00000010)
    __rt_lib_shutdown_signal_1               0x08000177   Thumb Code     0  libshutdown2.o(.ARM.Collect$$libshutdown$$0000000A)
    __rt_lib_shutdown_stdio_1                0x08000177   Thumb Code     0  libshutdown2.o(.ARM.Collect$$libshutdown$$00000004)
    __rt_lib_shutdown_user_alloc_1           0x08000177   Thumb Code     0  libshutdown2.o(.ARM.Collect$$libshutdown$$0000000C)
    __rt_entry                               0x08000179   Thumb Code     0  __rtentry.o(.ARM.Collect$$rtentry$$00000000)
    __rt_entry_presh_1                       0x08000179   Thumb Code     0  __rtentry2.o(.ARM.Collect$$rtentry$$00000002)
    __rt_entry_sh                            0x08000179   Thumb Code     0  __rtentry4.o(.ARM.Collect$$rtentry$$00000004)
    __rt_entry_li                            0x0800017f   Thumb Code     0  __rtentry2.o(.ARM.Collect$$rtentry$$0000000A)
    __rt_entry_postsh_1                      0x0800017f   Thumb Code     0  __rtentry2.o(.ARM.Collect$$rtentry$$00000009)
    __rt_entry_main                          0x08000183   Thumb Code     0  __rtentry2.o(.ARM.Collect$$rtentry$$0000000D)
    __rt_entry_postli_1                      0x08000183   Thumb Code     0  __rtentry2.o(.ARM.Collect$$rtentry$$0000000C)
    __rt_exit                                0x0800018b   Thumb Code     0  rtexit.o(.ARM.Collect$$rtexit$$00000000)
    __rt_exit_ls                             0x0800018d   Thumb Code     0  rtexit2.o(.ARM.Collect$$rtexit$$00000003)
    __rt_exit_prels_1                        0x0800018d   Thumb Code     0  rtexit2.o(.ARM.Collect$$rtexit$$00000002)
    __rt_exit_exit                           0x08000191   Thumb Code     0  rtexit2.o(.ARM.Collect$$rtexit$$00000004)
    Reset_Handler                            0x08000199   Thumb Code     8  startup_stm32f10x_md.o(.text)
    NMI_Handler                              0x080001a1   Thumb Code     2  startup_stm32f10x_md.o(.text)
    HardFault_Handler                        0x080001a3   Thumb Code     2  startup_stm32f10x_md.o(.text)
    MemManage_Handler                        0x080001a5   Thumb Code     2  startup_stm32f10x_md.o(.text)
    BusFault_Handler                         0x080001a7   Thumb Code     2  startup_stm32f10x_md.o(.text)
    UsageFault_Handler                       0x080001a9   Thumb Code     2  startup_stm32f10x_md.o(.text)
    SVC_Handler                              0x080001ab   Thumb Code     2  startup_stm32f10x_md.o(.text)
    DebugMon_Handler                         0x080001ad   Thumb Code     2  startup_stm32f10x_md.o(.text)
    PendSV_Handler                           0x080001af   Thumb Code     2  startup_stm32f10x_md.o(.text)
    SysTick_Handler                          0x080001b1   Thumb Code     2  startup_stm32f10x_md.o(.text)
    ADC1_2_IRQHandler                        0x080001b3   Thumb Code     0  startup_stm32f10x_md.o(.text)
    CAN1_RX1_IRQHandler                      0x080001b3   Thumb Code     0  startup_stm32f10x_md.o(.text)
    CAN1_SCE_IRQHandler                      0x080001b3   Thumb Code     0  startup_stm32f10x_md.o(.text)
    DMA1_Channel1_IRQHandler                 0x080001b3   Thumb Code     0  startup_stm32f10x_md.o(.text)
    DMA1_Channel2_IRQHandler                 0x080001b3   Thumb Code     0  startup_stm32f10x_md.o(.text)
    DMA1_Channel3_IRQHandler                 0x080001b3   Thumb Code     0  startup_stm32f10x_md.o(.text)
    DMA1_Channel4_IRQHandler                 0x080001b3   Thumb Code     0  startup_stm32f10x_md.o(.text)
    DMA1_Channel5_IRQHandler                 0x080001b3   Thumb Code     0  startup_stm32f10x_md.o(.text)
    DMA1_Channel6_IRQHandler                 0x080001b3   Thumb Code     0  startup_stm32f10x_md.o(.text)
    DMA1_Channel7_IRQHandler                 0x080001b3   Thumb Code     0  startup_stm32f10x_md.o(.text)
    EXTI0_IRQHandler                         0x080001b3   Thumb Code     0  startup_stm32f10x_md.o(.text)
    EXTI15_10_IRQHandler                     0x080001b3   Thumb Code     0  startup_stm32f10x_md.o(.text)
    EXTI1_IRQHandler                         0x080001b3   Thumb Code     0  startup_stm32f10x_md.o(.text)
    EXTI2_IRQHandler                         0x080001b3   Thumb Code     0  startup_stm32f10x_md.o(.text)
    EXTI3_IRQHandler                         0x080001b3   Thumb Code     0  startup_stm32f10x_md.o(.text)
    EXTI4_IRQHandler                         0x080001b3   Thumb Code     0  startup_stm32f10x_md.o(.text)
    EXTI9_5_IRQHandler                       0x080001b3   Thumb Code     0  startup_stm32f10x_md.o(.text)
    FLASH_IRQHandler                         0x080001b3   Thumb Code     0  startup_stm32f10x_md.o(.text)
    I2C1_ER_IRQHandler                       0x080001b3   Thumb Code     0  startup_stm32f10x_md.o(.text)
    I2C1_EV_IRQHandler                       0x080001b3   Thumb Code     0  startup_stm32f10x_md.o(.text)
    I2C2_ER_IRQHandler                       0x080001b3   Thumb Code     0  startup_stm32f10x_md.o(.text)
    I2C2_EV_IRQHandler                       0x080001b3   Thumb Code     0  startup_stm32f10x_md.o(.text)
    PVD_IRQHandler                           0x080001b3   Thumb Code     0  startup_stm32f10x_md.o(.text)
    RCC_IRQHandler                           0x080001b3   Thumb Code     0  startup_stm32f10x_md.o(.text)
    RTCAlarm_IRQHandler                      0x080001b3   Thumb Code     0  startup_stm32f10x_md.o(.text)
    SPI1_IRQHandler                          0x080001b3   Thumb Code     0  startup_stm32f10x_md.o(.text)
    SPI2_IRQHandler                          0x080001b3   Thumb Code     0  startup_stm32f10x_md.o(.text)
    TAMPER_IRQHandler                        0x080001b3   Thumb Code     0  startup_stm32f10x_md.o(.text)
    TIM1_BRK_IRQHandler                      0x080001b3   Thumb Code     0  startup_stm32f10x_md.o(.text)
    TIM1_CC_IRQHandler                       0x080001b3   Thumb Code     0  startup_stm32f10x_md.o(.text)
    TIM1_TRG_COM_IRQHandler                  0x080001b3   Thumb Code     0  startup_stm32f10x_md.o(.text)
    TIM1_UP_IRQHandler                       0x080001b3   Thumb Code     0  startup_stm32f10x_md.o(.text)
    TIM2_IRQHandler                          0x080001b3   Thumb Code     0  startup_stm32f10x_md.o(.text)
    TIM3_IRQHandler                          0x080001b3   Thumb Code     0  startup_stm32f10x_md.o(.text)
    TIM4_IRQHandler                          0x080001b3   Thumb Code     0  startup_stm32f10x_md.o(.text)
    USART1_IRQHandler                        0x080001b3   Thumb Code     0  startup_stm32f10x_md.o(.text)
    USART2_IRQHandler                        0x080001b3   Thumb Code     0  startup_stm32f10x_md.o(.text)
    USART3_IRQHandler                        0x080001b3   Thumb Code     0  startup_stm32f10x_md.o(.text)
    USBWakeUp_IRQHandler                     0x080001b3   Thumb Code     0  startup_stm32f10x_md.o(.text)
    USB_HP_CAN1_TX_IRQHandler                0x080001b3   Thumb Code     0  startup_stm32f10x_md.o(.text)
    USB_LP_CAN1_RX0_IRQHandler               0x080001b3   Thumb Code     0  startup_stm32f10x_md.o(.text)
    WWDG_IRQHandler                          0x080001b3   Thumb Code     0  startup_stm32f10x_md.o(.text)
    __user_initial_stackheap                 0x080001b5   Thumb Code     0  startup_stm32f10x_md.o(.text)
    __use_two_region_memory                  0x080001d9   Thumb Code     2  heapauxi.o(.text)
    __rt_heap_escrow$2region                 0x080001db   Thumb Code     2  heapauxi.o(.text)
    __rt_heap_expand$2region                 0x080001dd   Thumb Code     2  heapauxi.o(.text)
    __user_setup_stackheap                   0x080001df   Thumb Code    74  sys_stackheap_outer.o(.text)
    exit                                     0x08000229   Thumb Code    18  exit.o(.text)
    __user_libspace                          0x0800023d   Thumb Code     8  libspace.o(.text)
    __user_perproc_libspace                  0x0800023d   Thumb Code     0  libspace.o(.text)
    __user_perthread_libspace                0x0800023d   Thumb Code     0  libspace.o(.text)
    _sys_exit                                0x08000245   Thumb Code     8  sys_exit.o(.text)
    __I$use$semihosting                      0x08000251   Thumb Code     0  use_no_semi.o(.text)
    __use_no_semihosting_swi                 0x08000251   Thumb Code     2  use_no_semi.o(.text)
    __semihosting_library_function           0x08000253   Thumb Code     0  indicate_semi.o(.text)
    BKP_DeInit                               0x08000255   Thumb Code    16  stm32f10x_bkp.o(.text.BKP_DeInit)
    DelayMs                                  0x08000265   Thumb Code   108  main.o(.text.DelayMs)
    EXTI_ClearITPendingBit                   0x080002d1   Thumb Code    20  stm32f10x_exti.o(.text.EXTI_ClearITPendingBit)
    Enter_Standby_Mode                       0x080002e5   Thumb Code    52  main.o(.text.Enter_Standby_Mode)
    GPIO_Init                                0x08000319   Thumb Code   390  stm32f10x_gpio.o(.text.GPIO_Init)
    PWR_BackupAccessCmd                      0x080004a1   Thumb Code    22  stm32f10x_pwr.o(.text.PWR_BackupAccessCmd)
    PWR_ClearFlag                            0x080004b9   Thumb Code    26  stm32f10x_pwr.o(.text.PWR_ClearFlag)
    PWR_EnterSTANDBYMode                     0x080004d5   Thumb Code    36  stm32f10x_pwr.o(.text.PWR_EnterSTANDBYMode)
    PWR_GetFlagStatus                        0x080004f9   Thumb Code    52  stm32f10x_pwr.o(.text.PWR_GetFlagStatus)
    PWR_WakeUpPinCmd                         0x0800052d   Thumb Code    22  stm32f10x_pwr.o(.text.PWR_WakeUpPinCmd)
    RCC_APB1PeriphClockCmd                   0x08000545   Thumb Code    56  stm32f10x_rcc.o(.text.RCC_APB1PeriphClockCmd)
    RCC_APB2PeriphClockCmd                   0x0800057d   Thumb Code    56  stm32f10x_rcc.o(.text.RCC_APB2PeriphClockCmd)
    RCC_BackupResetCmd                       0x080005b5   Thumb Code    24  stm32f10x_rcc.o(.text.RCC_BackupResetCmd)
    RCC_GetClocksFreq                        0x080005cd   Thumb Code   370  stm32f10x_rcc.o(.text.RCC_GetClocksFreq)
    RCC_GetFlagStatus                        0x08000741   Thumb Code   130  stm32f10x_rcc.o(.text.RCC_GetFlagStatus)
    RCC_LSEConfig                            0x080007c5   Thumb Code    76  stm32f10x_rcc.o(.text.RCC_LSEConfig)
    RCC_RTCCLKCmd                            0x08000811   Thumb Code    24  stm32f10x_rcc.o(.text.RCC_RTCCLKCmd)
    RCC_RTCCLKConfig                         0x08000829   Thumb Code    24  stm32f10x_rcc.o(.text.RCC_RTCCLKConfig)
    RTC_AlarmConfig                          0x08000841   Thumb Code    56  main.o(.text.RTC_AlarmConfig)
    RTC_ClearFlag                            0x08000879   Thumb Code    28  stm32f10x_rtc.o(.text.RTC_ClearFlag)
    RTC_ClearITPendingBit                    0x08000895   Thumb Code    28  stm32f10x_rtc.o(.text.RTC_ClearITPendingBit)
    RTC_Config                               0x080008b1   Thumb Code   118  main.o(.text.RTC_Config)
    RTC_EnterConfigMode                      0x08000929   Thumb Code    18  stm32f10x_rtc.o(.text.RTC_EnterConfigMode)
    RTC_ExitConfigMode                       0x0800093d   Thumb Code    18  stm32f10x_rtc.o(.text.RTC_ExitConfigMode)
    RTC_GetCounter                           0x08000951   Thumb Code   108  stm32f10x_rtc.o(.text.RTC_GetCounter)
    RTC_GetITStatus                          0x080009bd   Thumb Code    86  stm32f10x_rtc.o(.text.RTC_GetITStatus)
    RTC_IRQHandler                           0x08000a15   Thumb Code    30  main.o(.text.RTC_IRQHandler)
    RTC_ITConfig                             0x08000a35   Thumb Code    62  stm32f10x_rtc.o(.text.RTC_ITConfig)
    RTC_SetAlarm                             0x08000a75   Thumb Code    44  stm32f10x_rtc.o(.text.RTC_SetAlarm)
    RTC_SetCounter                           0x08000aa1   Thumb Code    44  stm32f10x_rtc.o(.text.RTC_SetCounter)
    RTC_SetPrescaler                         0x08000acd   Thumb Code    46  stm32f10x_rtc.o(.text.RTC_SetPrescaler)
    RTC_WaitForLastTask                      0x08000afd   Thumb Code    24  stm32f10x_rtc.o(.text.RTC_WaitForLastTask)
    RTC_WaitForSynchro                       0x08000b15   Thumb Code    40  stm32f10x_rtc.o(.text.RTC_WaitForSynchro)
    SystemInit                               0x08000c69   Thumb Code   102  system_stm32f10x.o(.text.SystemInit)
    UART1_Config                             0x08000cd1   Thumb Code   134  main.o(.text.UART1_Config)
    UART1_SendString                         0x08000d59   Thumb Code    64  main.o(.text.UART1_SendString)
    USART_Cmd                                0x08000d99   Thumb Code    44  stm32f10x_usart.o(.text.USART_Cmd)
    USART_GetFlagStatus                      0x08000dc5   Thumb Code    68  stm32f10x_usart.o(.text.USART_GetFlagStatus)
    USART_Init                               0x08000e09   Thumb Code   348  stm32f10x_usart.o(.text.USART_Init)
    USART_SendData                           0x08000f65   Thumb Code    24  stm32f10x_usart.o(.text.USART_SendData)
    main                                     0x08000fad   Thumb Code   110  main.o(.text.main)
    Region$$Table$$Base                      0x080010d0   Number         0  anon$$obj.o(Region$$Table)
    Region$$Table$$Limit                     0x080010e0   Number         0  anon$$obj.o(Region$$Table)
    __libspace_start                         0x20000000   Data          96  libspace.o(.bss)
    __temporary_stack_top$libspace           0x20000060   Data           0  libspace.o(.bss)



==============================================================================

Memory Map of the image

  Image Entry point : 0x080000ed

  Load Region LR_IROM1 (Base: 0x08000000, Size: 0x000010e0, Max: 0x00010000, ABSOLUTE)

    Execution Region ER_IROM1 (Exec base: 0x08000000, Load base: 0x08000000, Size: 0x000010e0, Max: 0x00010000, ABSOLUTE)

    Exec Addr    Load Addr    Size         Type   Attr      Idx    E Section Name        Object

    0x08000000   0x08000000   0x000000ec   Data   RO          342    RESET               startup_stm32f10x_md.o
    0x080000ec   0x080000ec   0x00000008   Code   RO          370  * !!!main             c_w.l(__main.o)
    0x080000f4   0x080000f4   0x0000005c   Code   RO          535    !!!scatter          c_w.l(__scatter.o)
    0x08000150   0x08000150   0x00000002   Code   RO          536    !!handler_null      c_w.l(__scatter.o)
    0x08000152   0x08000152   0x00000002   PAD
    0x08000154   0x08000154   0x0000001c   Code   RO          539    !!handler_zi        c_w.l(__scatter_zi.o)
    0x08000170   0x08000170   0x00000002   Code   RO          397    .ARM.Collect$$libinit$$00000000  c_w.l(libinit.o)
    0x08000172   0x08000172   0x00000000   Code   RO          404    .ARM.Collect$$libinit$$00000002  c_w.l(libinit2.o)
    0x08000172   0x08000172   0x00000000   Code   RO          406    .ARM.Collect$$libinit$$00000004  c_w.l(libinit2.o)
    0x08000172   0x08000172   0x00000000   Code   RO          408    .ARM.Collect$$libinit$$00000006  c_w.l(libinit2.o)
    0x08000172   0x08000172   0x00000000   Code   RO          411    .ARM.Collect$$libinit$$0000000C  c_w.l(libinit2.o)
    0x08000172   0x08000172   0x00000000   Code   RO          413    .ARM.Collect$$libinit$$0000000E  c_w.l(libinit2.o)
    0x08000172   0x08000172   0x00000000   Code   RO          415    .ARM.Collect$$libinit$$00000010  c_w.l(libinit2.o)
    0x08000172   0x08000172   0x00000000   Code   RO          418    .ARM.Collect$$libinit$$00000013  c_w.l(libinit2.o)
    0x08000172   0x08000172   0x00000000   Code   RO          420    .ARM.Collect$$libinit$$00000015  c_w.l(libinit2.o)
    0x08000172   0x08000172   0x00000000   Code   RO          422    .ARM.Collect$$libinit$$00000017  c_w.l(libinit2.o)
    0x08000172   0x08000172   0x00000000   Code   RO          424    .ARM.Collect$$libinit$$00000019  c_w.l(libinit2.o)
    0x08000172   0x08000172   0x00000000   Code   RO          426    .ARM.Collect$$libinit$$0000001B  c_w.l(libinit2.o)
    0x08000172   0x08000172   0x00000000   Code   RO          428    .ARM.Collect$$libinit$$0000001D  c_w.l(libinit2.o)
    0x08000172   0x08000172   0x00000000   Code   RO          430    .ARM.Collect$$libinit$$0000001F  c_w.l(libinit2.o)
    0x08000172   0x08000172   0x00000000   Code   RO          432    .ARM.Collect$$libinit$$00000021  c_w.l(libinit2.o)
    0x08000172   0x08000172   0x00000000   Code   RO          434    .ARM.Collect$$libinit$$00000023  c_w.l(libinit2.o)
    0x08000172   0x08000172   0x00000000   Code   RO          436    .ARM.Collect$$libinit$$00000025  c_w.l(libinit2.o)
    0x08000172   0x08000172   0x00000000   Code   RO          438    .ARM.Collect$$libinit$$00000027  c_w.l(libinit2.o)
    0x08000172   0x08000172   0x00000000   Code   RO          442    .ARM.Collect$$libinit$$0000002E  c_w.l(libinit2.o)
    0x08000172   0x08000172   0x00000000   Code   RO          444    .ARM.Collect$$libinit$$00000030  c_w.l(libinit2.o)
    0x08000172   0x08000172   0x00000000   Code   RO          446    .ARM.Collect$$libinit$$00000032  c_w.l(libinit2.o)
    0x08000172   0x08000172   0x00000000   Code   RO          448    .ARM.Collect$$libinit$$00000034  c_w.l(libinit2.o)
    0x08000172   0x08000172   0x00000002   Code   RO          449    .ARM.Collect$$libinit$$00000035  c_w.l(libinit2.o)
    0x08000174   0x08000174   0x00000002   Code   RO          471    .ARM.Collect$$libshutdown$$00000000  c_w.l(libshutdown.o)
    0x08000176   0x08000176   0x00000000   Code   RO          486    .ARM.Collect$$libshutdown$$00000002  c_w.l(libshutdown2.o)
    0x08000176   0x08000176   0x00000000   Code   RO          488    .ARM.Collect$$libshutdown$$00000004  c_w.l(libshutdown2.o)
    0x08000176   0x08000176   0x00000000   Code   RO          491    .ARM.Collect$$libshutdown$$00000007  c_w.l(libshutdown2.o)
    0x08000176   0x08000176   0x00000000   Code   RO          494    .ARM.Collect$$libshutdown$$0000000A  c_w.l(libshutdown2.o)
    0x08000176   0x08000176   0x00000000   Code   RO          496    .ARM.Collect$$libshutdown$$0000000C  c_w.l(libshutdown2.o)
    0x08000176   0x08000176   0x00000000   Code   RO          499    .ARM.Collect$$libshutdown$$0000000F  c_w.l(libshutdown2.o)
    0x08000176   0x08000176   0x00000002   Code   RO          500    .ARM.Collect$$libshutdown$$00000010  c_w.l(libshutdown2.o)
    0x08000178   0x08000178   0x00000000   Code   RO          372    .ARM.Collect$$rtentry$$00000000  c_w.l(__rtentry.o)
    0x08000178   0x08000178   0x00000000   Code   RO          374    .ARM.Collect$$rtentry$$00000002  c_w.l(__rtentry2.o)
    0x08000178   0x08000178   0x00000006   Code   RO          386    .ARM.Collect$$rtentry$$00000004  c_w.l(__rtentry4.o)
    0x0800017e   0x0800017e   0x00000000   Code   RO          376    .ARM.Collect$$rtentry$$00000009  c_w.l(__rtentry2.o)
    0x0800017e   0x0800017e   0x00000004   Code   RO          377    .ARM.Collect$$rtentry$$0000000A  c_w.l(__rtentry2.o)
    0x08000182   0x08000182   0x00000000   Code   RO          379    .ARM.Collect$$rtentry$$0000000C  c_w.l(__rtentry2.o)
    0x08000182   0x08000182   0x00000008   Code   RO          380    .ARM.Collect$$rtentry$$0000000D  c_w.l(__rtentry2.o)
    0x0800018a   0x0800018a   0x00000002   Code   RO          401    .ARM.Collect$$rtexit$$00000000  c_w.l(rtexit.o)
    0x0800018c   0x0800018c   0x00000000   Code   RO          451    .ARM.Collect$$rtexit$$00000002  c_w.l(rtexit2.o)
    0x0800018c   0x0800018c   0x00000004   Code   RO          452    .ARM.Collect$$rtexit$$00000003  c_w.l(rtexit2.o)
    0x08000190   0x08000190   0x00000006   Code   RO          453    .ARM.Collect$$rtexit$$00000004  c_w.l(rtexit2.o)
    0x08000196   0x08000196   0x00000002   PAD
    0x08000198   0x08000198   0x00000040   Code   RO          343    .text               startup_stm32f10x_md.o
    0x080001d8   0x080001d8   0x00000006   Code   RO          368    .text               c_w.l(heapauxi.o)
    0x080001de   0x080001de   0x0000004a   Code   RO          388    .text               c_w.l(sys_stackheap_outer.o)
    0x08000228   0x08000228   0x00000012   Code   RO          390    .text               c_w.l(exit.o)
    0x0800023a   0x0800023a   0x00000002   PAD
    0x0800023c   0x0800023c   0x00000008   Code   RO          398    .text               c_w.l(libspace.o)
    0x08000244   0x08000244   0x0000000c   Code   RO          461    .text               c_w.l(sys_exit.o)
    0x08000250   0x08000250   0x00000002   Code   RO          476    .text               c_w.l(use_no_semi.o)
    0x08000252   0x08000252   0x00000000   Code   RO          478    .text               c_w.l(indicate_semi.o)
    0x08000252   0x08000252   0x00000002   PAD
    0x08000254   0x08000254   0x00000010   Code   RO           46    .text.BKP_DeInit    stm32f10x_bkp.o
    0x08000264   0x08000264   0x0000006c   Code   RO            8    .text.DelayMs       main.o
    0x080002d0   0x080002d0   0x00000014   Code   RO           91    .text.EXTI_ClearITPendingBit  stm32f10x_exti.o
    0x080002e4   0x080002e4   0x00000034   Code   RO           14    .text.Enter_Standby_Mode  main.o
    0x08000318   0x08000318   0x00000186   Code   RO          104    .text.GPIO_Init     stm32f10x_gpio.o
    0x0800049e   0x0800049e   0x00000002   PAD
    0x080004a0   0x080004a0   0x00000016   Code   RO          145    .text.PWR_BackupAccessCmd  stm32f10x_pwr.o
    0x080004b6   0x080004b6   0x00000002   PAD
    0x080004b8   0x080004b8   0x0000001a   Code   RO          159    .text.PWR_ClearFlag  stm32f10x_pwr.o
    0x080004d2   0x080004d2   0x00000002   PAD
    0x080004d4   0x080004d4   0x00000024   Code   RO          155    .text.PWR_EnterSTANDBYMode  stm32f10x_pwr.o
    0x080004f8   0x080004f8   0x00000034   Code   RO          157    .text.PWR_GetFlagStatus  stm32f10x_pwr.o
    0x0800052c   0x0800052c   0x00000016   Code   RO          151    .text.PWR_WakeUpPinCmd  stm32f10x_pwr.o
    0x08000542   0x08000542   0x00000002   PAD
    0x08000544   0x08000544   0x00000038   Code   RO          214    .text.RCC_APB1PeriphClockCmd  stm32f10x_rcc.o
    0x0800057c   0x0800057c   0x00000038   Code   RO          212    .text.RCC_APB2PeriphClockCmd  stm32f10x_rcc.o
    0x080005b4   0x080005b4   0x00000018   Code   RO          220    .text.RCC_BackupResetCmd  stm32f10x_rcc.o
    0x080005cc   0x080005cc   0x00000172   Code   RO          208    .text.RCC_GetClocksFreq  stm32f10x_rcc.o
    0x0800073e   0x0800073e   0x00000002   PAD
    0x08000740   0x08000740   0x00000082   Code   RO          174    .text.RCC_GetFlagStatus  stm32f10x_rcc.o
    0x080007c2   0x080007c2   0x00000002   PAD
    0x080007c4   0x080007c4   0x0000004c   Code   RO          200    .text.RCC_LSEConfig  stm32f10x_rcc.o
    0x08000810   0x08000810   0x00000018   Code   RO          206    .text.RCC_RTCCLKCmd  stm32f10x_rcc.o
    0x08000828   0x08000828   0x00000018   Code   RO          204    .text.RCC_RTCCLKConfig  stm32f10x_rcc.o
    0x08000840   0x08000840   0x00000038   Code   RO           12    .text.RTC_AlarmConfig  main.o
    0x08000878   0x08000878   0x0000001c   Code   RO          263    .text.RTC_ClearFlag  stm32f10x_rtc.o
    0x08000894   0x08000894   0x0000001c   Code   RO          267    .text.RTC_ClearITPendingBit  stm32f10x_rtc.o
    0x080008b0   0x080008b0   0x00000076   Code   RO           10    .text.RTC_Config    main.o
    0x08000926   0x08000926   0x00000002   PAD
    0x08000928   0x08000928   0x00000012   Code   RO          243    .text.RTC_EnterConfigMode  stm32f10x_rtc.o
    0x0800093a   0x0800093a   0x00000002   PAD
    0x0800093c   0x0800093c   0x00000012   Code   RO          245    .text.RTC_ExitConfigMode  stm32f10x_rtc.o
    0x0800094e   0x0800094e   0x00000002   PAD
    0x08000950   0x08000950   0x0000006c   Code   RO          247    .text.RTC_GetCounter  stm32f10x_rtc.o
    0x080009bc   0x080009bc   0x00000056   Code   RO          265    .text.RTC_GetITStatus  stm32f10x_rtc.o
    0x08000a12   0x08000a12   0x00000002   PAD
    0x08000a14   0x08000a14   0x0000001e   Code   RO           18    .text.RTC_IRQHandler  main.o
    0x08000a32   0x08000a32   0x00000002   PAD
    0x08000a34   0x08000a34   0x0000003e   Code   RO          241    .text.RTC_ITConfig  stm32f10x_rtc.o
    0x08000a72   0x08000a72   0x00000002   PAD
    0x08000a74   0x08000a74   0x0000002c   Code   RO          253    .text.RTC_SetAlarm  stm32f10x_rtc.o
    0x08000aa0   0x08000aa0   0x0000002c   Code   RO          249    .text.RTC_SetCounter  stm32f10x_rtc.o
    0x08000acc   0x08000acc   0x0000002e   Code   RO          251    .text.RTC_SetPrescaler  stm32f10x_rtc.o
    0x08000afa   0x08000afa   0x00000002   PAD
    0x08000afc   0x08000afc   0x00000018   Code   RO          257    .text.RTC_WaitForLastTask  stm32f10x_rtc.o
    0x08000b14   0x08000b14   0x00000028   Code   RO          259    .text.RTC_WaitForSynchro  stm32f10x_rtc.o
    0x08000b3c   0x08000b3c   0x00000008   Code   RO          352    .text.SetSysClock   system_stm32f10x.o
    0x08000b44   0x08000b44   0x00000122   Code   RO          356    .text.SetSysClockTo72  system_stm32f10x.o
    0x08000c66   0x08000c66   0x00000002   PAD
    0x08000c68   0x08000c68   0x00000066   Code   RO          350    .text.SystemInit    system_stm32f10x.o
    0x08000cce   0x08000cce   0x00000002   PAD
    0x08000cd0   0x08000cd0   0x00000086   Code   RO            4    .text.UART1_Config  main.o
    0x08000d56   0x08000d56   0x00000002   PAD
    0x08000d58   0x08000d58   0x00000040   Code   RO            6    .text.UART1_SendString  main.o
    0x08000d98   0x08000d98   0x0000002c   Code   RO          286    .text.USART_Cmd     stm32f10x_usart.o
    0x08000dc4   0x08000dc4   0x00000044   Code   RO          326    .text.USART_GetFlagStatus  stm32f10x_usart.o
    0x08000e08   0x08000e08   0x0000015c   Code   RO          278    .text.USART_Init    stm32f10x_usart.o
    0x08000f64   0x08000f64   0x00000018   Code   RO          302    .text.USART_SendData  stm32f10x_usart.o
    0x08000f7c   0x08000f7c   0x00000030   Code   RO           16    .text.__NVIC_EnableIRQ  main.o
    0x08000fac   0x08000fac   0x0000006e   Code   RO            2    .text.main          main.o
    0x0800101a   0x0800101a   0x00000004   Data   RO          233    .rodata.ADCPrescTable  stm32f10x_rcc.o
    0x0800101e   0x0800101e   0x00000010   Data   RO          232    .rodata.APBAHBPrescTable  stm32f10x_rcc.o
    0x0800102e   0x0800102e   0x000000a0   Data   RO           20    .rodata.str1.1      main.o
    0x080010ce   0x080010ce   0x00000002   PAD
    0x080010d0   0x080010d0   0x00000010   Data   RO          534    Region$$Table       anon$$obj.o


    Execution Region RW_IRAM1 (Exec base: 0x20000000, Load base: 0x080010e0, Size: 0x00000660, Max: 0x00005000, ABSOLUTE)

    Exec Addr    Load Addr    Size         Type   Attr      Idx    E Section Name        Object

    0x20000000        -       0x00000060   Zero   RW          399    .bss                c_w.l(libspace.o)
    0x20000060        -       0x00000200   Zero   RW          341    HEAP                startup_stm32f10x_md.o
    0x20000260        -       0x00000400   Zero   RW          340    STACK               startup_stm32f10x_md.o


==============================================================================

Image component sizes


      Code (inc. data)   RO Data    RW Data    ZI Data      Debug   Object Name

       720          0        160          0          0       5259   main.o
        64         26        236          0       1536        800   startup_stm32f10x_md.o
        16          0          0          0          0       4555   stm32f10x_bkp.o
        20          0          0          0          0       2878   stm32f10x_exti.o
       390          0          0          0          0       5701   stm32f10x_gpio.o
       158          0          0          0          0       3067   stm32f10x_pwr.o
       760          0         20          0          0       7029   stm32f10x_rcc.o
       546          0          0          0          0       3469   stm32f10x_rtc.o
       484          0          0          0          0       7502   stm32f10x_usart.o
       400          0          0          0          0       2957   system_stm32f10x.o

    ----------------------------------------------------------------------
      3590         26        434          0       1536      43217   Object Totals
         0          0         16          0          0          0   (incl. Generated)
        32          0          2          0          0          0   (incl. Padding)

    ----------------------------------------------------------------------

      Code (inc. data)   RO Data    RW Data    ZI Data      Debug   Library Member Name

         8          0          0          0          0         68   __main.o
         0          0          0          0          0          0   __rtentry.o
        12          0          0          0          0          0   __rtentry2.o
         6          0          0          0          0          0   __rtentry4.o
        94          8          0          0          0          0   __scatter.o
        28          0          0          0          0          0   __scatter_zi.o
        18          0          0          0          0         80   exit.o
         6          0          0          0          0        152   heapauxi.o
         0          0          0          0          0          0   indicate_semi.o
         2          0          0          0          0          0   libinit.o
         2          0          0          0          0          0   libinit2.o
         2          0          0          0          0          0   libshutdown.o
         2          0          0          0          0          0   libshutdown2.o
         8          4          0          0         96         68   libspace.o
         2          0          0          0          0          0   rtexit.o
        10          0          0          0          0          0   rtexit2.o
        12          4          0          0          0         68   sys_exit.o
        74          0          0          0          0         80   sys_stackheap_outer.o
         2          0          0          0          0         68   use_no_semi.o

    ----------------------------------------------------------------------
       296         16          0          0         96        584   Library Totals
         8          0          0          0          0          0   (incl. Padding)

    ----------------------------------------------------------------------

      Code (inc. data)   RO Data    RW Data    ZI Data      Debug   Library Name

       288         16          0          0         96        584   c_w.l

    ----------------------------------------------------------------------
       296         16          0          0         96        584   Library Totals

    ----------------------------------------------------------------------

==============================================================================


      Code (inc. data)   RO Data    RW Data    ZI Data      Debug   

      3886         42        434          0       1632      43533   Grand Totals
      3886         42        434          0       1632      43533   ELF Image Totals
      3886         42        434          0          0          0   ROM Totals

==============================================================================

    Total RO  Size (Code + RO Data)                 4320 (   4.22kB)
    Total RW  Size (RW Data + ZI Data)              1632 (   1.59kB)
    Total ROM Size (Code + RO Data + RW Data)       4320 (   4.22kB)

==============================================================================

